------------------------------------------------------------
TimeQuest Timing Analyzer Summary
------------------------------------------------------------

Type  : Slow 1200mV 85C Model Setup 'CLK_50M'
Slack : -59.808
TNS   : -6160.729

Type  : Slow 1200mV 85C Model Setup 'RSTn'
Slack : -0.415
TNS   : -0.535

Type  : Slow 1200mV 85C Model Hold 'RSTn'
Slack : -0.156
TNS   : -0.156

Type  : Slow 1200mV 85C Model Hold 'CLK_50M'
Slack : 0.358
TNS   : 0.000

Type  : Slow 1200mV 85C Model Recovery 'CLK_50M'
Slack : -1.278
TNS   : -272.758

Type  : Slow 1200mV 85C Model Removal 'CLK_50M'
Slack : 1.193
TNS   : 0.000

Type  : Slow 1200mV 0C Model Setup 'CLK_50M'
Slack : -53.846
TNS   : -5532.897

Type  : Slow 1200mV 0C Model Setup 'RSTn'
Slack : -0.221
TNS   : -0.221

Type  : Slow 1200mV 0C Model Hold 'RSTn'
Slack : -0.153
TNS   : -0.153

Type  : Slow 1200mV 0C Model Hold 'CLK_50M'
Slack : 0.312
TNS   : 0.000

Type  : Slow 1200mV 0C Model Recovery 'CLK_50M'
Slack : -1.093
TNS   : -232.760

Type  : Slow 1200mV 0C Model Removal 'CLK_50M'
Slack : 1.104
TNS   : 0.000

Type  : Fast 1200mV 0C Model Setup 'CLK_50M'
Slack : -34.503
TNS   : -3497.286

Type  : Fast 1200mV 0C Model Setup 'RSTn'
Slack : 0.151
TNS   : 0.000

Type  : Fast 1200mV 0C Model Hold 'RSTn'
Slack : -0.089
TNS   : -0.089

Type  : Fast 1200mV 0C Model Hold 'CLK_50M'
Slack : 0.187
TNS   : 0.000

Type  : Fast 1200mV 0C Model Recovery 'CLK_50M'
Slack : -0.848
TNS   : -180.837

Type  : Fast 1200mV 0C Model Removal 'CLK_50M'
Slack : 0.635
TNS   : 0.000

------------------------------------------------------------
