------------------------------------------------------------
TimeQuest Timing Analyzer Summary
------------------------------------------------------------

Type  : Slow 1200mV 85C Model Setup 'CLK_50M'
Slack : -60.218
TNS   : -6187.984

Type  : Slow 1200mV 85C Model Setup 'RSTn'
Slack : 0.108
TNS   : 0.000

Type  : Slow 1200mV 85C Model Hold 'RSTn'
Slack : -0.109
TNS   : -0.215

Type  : Slow 1200mV 85C Model Hold 'CLK_50M'
Slack : 0.358
TNS   : 0.000

Type  : Slow 1200mV 85C Model Recovery 'CLK_50M'
Slack : -1.250
TNS   : -265.360

Type  : Slow 1200mV 85C Model Removal 'CLK_50M'
Slack : 1.155
TNS   : 0.000

Type  : Slow 1200mV 0C Model Setup 'CLK_50M'
Slack : -54.228
TNS   : -5558.136

Type  : Slow 1200mV 0C Model Setup 'RSTn'
Slack : 0.245
TNS   : 0.000

Type  : Slow 1200mV 0C Model Hold 'RSTn'
Slack : -0.113
TNS   : -0.218

Type  : Slow 1200mV 0C Model Hold 'CLK_50M'
Slack : 0.312
TNS   : 0.000

Type  : Slow 1200mV 0C Model Recovery 'CLK_50M'
Slack : -1.066
TNS   : -226.550

Type  : Slow 1200mV 0C Model Removal 'CLK_50M'
Slack : 1.068
TNS   : 0.000

Type  : Fast 1200mV 0C Model Setup 'CLK_50M'
Slack : -34.793
TNS   : -3523.079

Type  : Fast 1200mV 0C Model Setup 'RSTn'
Slack : 0.469
TNS   : 0.000

Type  : Fast 1200mV 0C Model Hold 'RSTn'
Slack : -0.075
TNS   : -0.149

Type  : Fast 1200mV 0C Model Hold 'CLK_50M'
Slack : 0.187
TNS   : 0.000

Type  : Fast 1200mV 0C Model Recovery 'CLK_50M'
Slack : -0.831
TNS   : -176.996

Type  : Fast 1200mV 0C Model Removal 'CLK_50M'
Slack : 0.619
TNS   : 0.000

------------------------------------------------------------
