TimeQuest Timing Analyzer report for top_greedy_snake
Thu Jun 02 23:56:20 2016
Quartus II Version 9.0 Build 132 02/25/2009 SJ Full Version


---------------------
; Table of Contents ;
---------------------
  1. Legal Notice
  2. TimeQuest Timing Analyzer Summary
  3. Clocks
  4. Slow 1200mV 85C Model Fmax Summary
  5. Slow 1200mV 85C Model Setup Summary
  6. Slow 1200mV 85C Model Hold Summary
  7. Slow 1200mV 85C Model Recovery Summary
  8. Slow 1200mV 85C Model Removal Summary
  9. Slow 1200mV 85C Model Minimum Pulse Width
 10. Setup Times
 11. Hold Times
 12. Clock to Output Times
 13. Minimum Clock to Output Times
 14. Slow 1200mV 0C Model Fmax Summary
 15. Slow 1200mV 0C Model Setup Summary
 16. Slow 1200mV 0C Model Hold Summary
 17. Slow 1200mV 0C Model Recovery Summary
 18. Slow 1200mV 0C Model Removal Summary
 19. Slow 1200mV 0C Model Minimum Pulse Width
 20. Setup Times
 21. Hold Times
 22. Clock to Output Times
 23. Minimum Clock to Output Times
 24. Fast 1200mV 0C Model Setup Summary
 25. Fast 1200mV 0C Model Hold Summary
 26. Fast 1200mV 0C Model Recovery Summary
 27. Fast 1200mV 0C Model Removal Summary
 28. Fast 1200mV 0C Model Minimum Pulse Width
 29. Setup Times
 30. Hold Times
 31. Clock to Output Times
 32. Minimum Clock to Output Times
 33. Multicorner Timing Analysis Summary
 34. Setup Times
 35. Hold Times
 36. Clock to Output Times
 37. Minimum Clock to Output Times
 38. Board Trace Model Assignments
 39. Input Transition Times
 40. Slow Corner Signal Integrity Metrics
 41. Fast Corner Signal Integrity Metrics
 42. Setup Transfers
 43. Hold Transfers
 44. Report TCCS
 45. Report RSKM
 46. Unconstrained Paths
 47. TimeQuest Timing Analyzer Messages



----------------
; Legal Notice ;
----------------
Copyright (C) 1991-2009 Altera Corporation
Your use of Altera Corporation's design tools, logic functions 
and other software and tools, and its AMPP partner logic 
functions, and any output files from any of the foregoing 
(including device programming or simulation files), and any 
associated documentation or information are expressly subject 
to the terms and conditions of the Altera Program License 
Subscription Agreement, Altera MegaCore Function License 
Agreement, or other applicable license agreement, including, 
without limitation, that your use is for the sole purpose of 
programming logic devices manufactured by Altera and sold by 
Altera or its authorized distributors.  Please refer to the 
applicable agreement for further details.



+-----------------------------------------------------------------------+
; TimeQuest Timing Analyzer Summary                                     ;
+--------------------+--------------------------------------------------+
; Quartus II Version ; Version 9.0 Build 132 02/25/2009 SJ Full Version ;
; Revision Name      ; top_greedy_snake                                 ;
; Device Family      ; Cyclone III                                      ;
; Device Name        ; EP3C16F484C6                                     ;
; Timing Models      ; Final                                            ;
; Delay Model        ; Combined                                         ;
; Rise/Fall Delays   ; Enabled                                          ;
+--------------------+--------------------------------------------------+


+-------------------------------------------------------------------------------------------------------------------------------------------------------------------------------------+
; Clocks                                                                                                                                                                              ;
+------------+------+--------+------------+-------+-------+------------+-----------+-------------+-------+--------+-----------+------------+----------+--------+--------+-------------+
; Clock Name ; Type ; Period ; Frequency  ; Rise  ; Fall  ; Duty Cycle ; Divide by ; Multiply by ; Phase ; Offset ; Edge List ; Edge Shift ; Inverted ; Master ; Source ; Targets     ;
+------------+------+--------+------------+-------+-------+------------+-----------+-------------+-------+--------+-----------+------------+----------+--------+--------+-------------+
; CLK_50M    ; Base ; 1.000  ; 1000.0 MHz ; 0.000 ; 0.500 ;            ;           ;             ;       ;        ;           ;            ;          ;        ;        ; { CLK_50M } ;
+------------+------+--------+------------+-------+-------+------------+-----------+-------------+-------+--------+-----------+------------+----------+--------+--------+-------------+


+-------------------------------------------------+
; Slow 1200mV 85C Model Fmax Summary              ;
+-----------+-----------------+------------+------+
; Fmax      ; Restricted Fmax ; Clock Name ; Note ;
+-----------+-----------------+------------+------+
; 74.58 MHz ; 74.58 MHz       ; CLK_50M    ;      ;
+-----------+-----------------+------------+------+
This panel reports FMAX for every clock in the design, regardless of the user-specified clock periods.  FMAX is only computed for paths where the source and destination registers or ports are driven by the same clock.  Paths of different clocks, including generated clocks, are ignored.  For paths between a clock and its inversion, FMAX is computed as if the rising and falling edges are scaled along with FMAX, such that the duty cycle (in terms of a percentage) is maintained. Altera recommends that you always use clock constraints and other slack reports for sign-off analysis.


+-------------------------------------+
; Slow 1200mV 85C Model Setup Summary ;
+---------+---------+-----------------+
; Clock   ; Slack   ; End Point TNS   ;
+---------+---------+-----------------+
; CLK_50M ; -12.408 ; -532.999        ;
+---------+---------+-----------------+


+------------------------------------+
; Slow 1200mV 85C Model Hold Summary ;
+---------+-------+------------------+
; Clock   ; Slack ; End Point TNS    ;
+---------+-------+------------------+
; CLK_50M ; 0.358 ; 0.000            ;
+---------+-------+------------------+


------------------------------------------
; Slow 1200mV 85C Model Recovery Summary ;
------------------------------------------
No paths to report.


-----------------------------------------
; Slow 1200mV 85C Model Removal Summary ;
-----------------------------------------
No paths to report.


+------------------------------------------------------------------------------------------------------------------------------+
; Slow 1200mV 85C Model Minimum Pulse Width                                                                                    ;
+--------+--------------+----------------+-------+------------+---------+------------+-----------------------------------------+
; Slack  ; Actual Width ; Required Width ; CCPP  ; Type       ; Clock   ; Clock Edge ; Target                                  ;
+--------+--------------+----------------+-------+------------+---------+------------+-----------------------------------------+
; -3.000 ; 1.000        ; 4.000          ; 0.000 ; Port Rate  ; CLK_50M ; Rise       ; CLK_50M                                 ;
; -1.000 ; 1.000        ; 2.000          ; 0.000 ; Min Period ; CLK_50M ; Rise       ; Display_Ctrl:display_ctrl|hsync         ;
; -1.000 ; 1.000        ; 2.000          ; 0.000 ; Min Period ; CLK_50M ; Rise       ; Display_Ctrl:display_ctrl|temp_color[1] ;
; -1.000 ; 1.000        ; 2.000          ; 0.000 ; Min Period ; CLK_50M ; Rise       ; Display_Ctrl:display_ctrl|temp_color[2] ;
; -1.000 ; 1.000        ; 2.000          ; 0.000 ; Min Period ; CLK_50M ; Rise       ; Display_Ctrl:display_ctrl|vsync         ;
; -1.000 ; 1.000        ; 2.000          ; 0.000 ; Min Period ; CLK_50M ; Rise       ; Display_Ctrl:display_ctrl|x_cnt[0]      ;
; -1.000 ; 1.000        ; 2.000          ; 0.000 ; Min Period ; CLK_50M ; Rise       ; Display_Ctrl:display_ctrl|x_cnt[10]     ;
; -1.000 ; 1.000        ; 2.000          ; 0.000 ; Min Period ; CLK_50M ; Rise       ; Display_Ctrl:display_ctrl|x_cnt[1]      ;
; -1.000 ; 1.000        ; 2.000          ; 0.000 ; Min Period ; CLK_50M ; Rise       ; Display_Ctrl:display_ctrl|x_cnt[2]      ;
; -1.000 ; 1.000        ; 2.000          ; 0.000 ; Min Period ; CLK_50M ; Rise       ; Display_Ctrl:display_ctrl|x_cnt[3]      ;
; -1.000 ; 1.000        ; 2.000          ; 0.000 ; Min Period ; CLK_50M ; Rise       ; Display_Ctrl:display_ctrl|x_cnt[4]      ;
; -1.000 ; 1.000        ; 2.000          ; 0.000 ; Min Period ; CLK_50M ; Rise       ; Display_Ctrl:display_ctrl|x_cnt[5]      ;
; -1.000 ; 1.000        ; 2.000          ; 0.000 ; Min Period ; CLK_50M ; Rise       ; Display_Ctrl:display_ctrl|x_cnt[6]      ;
; -1.000 ; 1.000        ; 2.000          ; 0.000 ; Min Period ; CLK_50M ; Rise       ; Display_Ctrl:display_ctrl|x_cnt[7]      ;
; -1.000 ; 1.000        ; 2.000          ; 0.000 ; Min Period ; CLK_50M ; Rise       ; Display_Ctrl:display_ctrl|x_cnt[8]      ;
; -1.000 ; 1.000        ; 2.000          ; 0.000 ; Min Period ; CLK_50M ; Rise       ; Display_Ctrl:display_ctrl|x_cnt[9]      ;
; -1.000 ; 1.000        ; 2.000          ; 0.000 ; Min Period ; CLK_50M ; Rise       ; Display_Ctrl:display_ctrl|y_cnt[0]      ;
; -1.000 ; 1.000        ; 2.000          ; 0.000 ; Min Period ; CLK_50M ; Rise       ; Display_Ctrl:display_ctrl|y_cnt[1]      ;
; -1.000 ; 1.000        ; 2.000          ; 0.000 ; Min Period ; CLK_50M ; Rise       ; Display_Ctrl:display_ctrl|y_cnt[2]      ;
; -1.000 ; 1.000        ; 2.000          ; 0.000 ; Min Period ; CLK_50M ; Rise       ; Display_Ctrl:display_ctrl|y_cnt[3]      ;
; -1.000 ; 1.000        ; 2.000          ; 0.000 ; Min Period ; CLK_50M ; Rise       ; Display_Ctrl:display_ctrl|y_cnt[4]      ;
; -1.000 ; 1.000        ; 2.000          ; 0.000 ; Min Period ; CLK_50M ; Rise       ; Display_Ctrl:display_ctrl|y_cnt[5]      ;
; -1.000 ; 1.000        ; 2.000          ; 0.000 ; Min Period ; CLK_50M ; Rise       ; Display_Ctrl:display_ctrl|y_cnt[6]      ;
; -1.000 ; 1.000        ; 2.000          ; 0.000 ; Min Period ; CLK_50M ; Rise       ; Display_Ctrl:display_ctrl|y_cnt[7]      ;
; -1.000 ; 1.000        ; 2.000          ; 0.000 ; Min Period ; CLK_50M ; Rise       ; Display_Ctrl:display_ctrl|y_cnt[8]      ;
; -1.000 ; 1.000        ; 2.000          ; 0.000 ; Min Period ; CLK_50M ; Rise       ; Display_Ctrl:display_ctrl|y_cnt[9]      ;
; -1.000 ; 1.000        ; 2.000          ; 0.000 ; Min Period ; CLK_50M ; Rise       ; Game_Ctrl:game_ctrl|array[0][0][2]      ;
; -1.000 ; 1.000        ; 2.000          ; 0.000 ; Min Period ; CLK_50M ; Rise       ; Game_Ctrl:game_ctrl|array[0][1][2]      ;
; -1.000 ; 1.000        ; 2.000          ; 0.000 ; Min Period ; CLK_50M ; Rise       ; Game_Ctrl:game_ctrl|array[0][2][2]      ;
; -1.000 ; 1.000        ; 2.000          ; 0.000 ; Min Period ; CLK_50M ; Rise       ; Game_Ctrl:game_ctrl|array[0][3][2]      ;
; -1.000 ; 1.000        ; 2.000          ; 0.000 ; Min Period ; CLK_50M ; Rise       ; Game_Ctrl:game_ctrl|array[0][4][2]      ;
; -1.000 ; 1.000        ; 2.000          ; 0.000 ; Min Period ; CLK_50M ; Rise       ; Game_Ctrl:game_ctrl|array[0][5][2]      ;
; -1.000 ; 1.000        ; 2.000          ; 0.000 ; Min Period ; CLK_50M ; Rise       ; Game_Ctrl:game_ctrl|array[0][6][2]      ;
; -1.000 ; 1.000        ; 2.000          ; 0.000 ; Min Period ; CLK_50M ; Rise       ; Game_Ctrl:game_ctrl|array[0][7][2]      ;
; -1.000 ; 1.000        ; 2.000          ; 0.000 ; Min Period ; CLK_50M ; Rise       ; Game_Ctrl:game_ctrl|array[1][0][2]      ;
; -1.000 ; 1.000        ; 2.000          ; 0.000 ; Min Period ; CLK_50M ; Rise       ; Game_Ctrl:game_ctrl|array[1][1][2]      ;
; -1.000 ; 1.000        ; 2.000          ; 0.000 ; Min Period ; CLK_50M ; Rise       ; Game_Ctrl:game_ctrl|array[1][2][2]      ;
; -1.000 ; 1.000        ; 2.000          ; 0.000 ; Min Period ; CLK_50M ; Rise       ; Game_Ctrl:game_ctrl|array[1][3][2]      ;
; -1.000 ; 1.000        ; 2.000          ; 0.000 ; Min Period ; CLK_50M ; Rise       ; Game_Ctrl:game_ctrl|array[1][4][2]      ;
; -1.000 ; 1.000        ; 2.000          ; 0.000 ; Min Period ; CLK_50M ; Rise       ; Game_Ctrl:game_ctrl|array[1][5][2]      ;
; -1.000 ; 1.000        ; 2.000          ; 0.000 ; Min Period ; CLK_50M ; Rise       ; Game_Ctrl:game_ctrl|array[1][6][2]      ;
; -1.000 ; 1.000        ; 2.000          ; 0.000 ; Min Period ; CLK_50M ; Rise       ; Game_Ctrl:game_ctrl|array[1][7][2]      ;
; -1.000 ; 1.000        ; 2.000          ; 0.000 ; Min Period ; CLK_50M ; Rise       ; Game_Ctrl:game_ctrl|array[2][0][2]      ;
; -1.000 ; 1.000        ; 2.000          ; 0.000 ; Min Period ; CLK_50M ; Rise       ; Game_Ctrl:game_ctrl|array[2][1][2]      ;
; -1.000 ; 1.000        ; 2.000          ; 0.000 ; Min Period ; CLK_50M ; Rise       ; Game_Ctrl:game_ctrl|array[2][2][2]      ;
; -1.000 ; 1.000        ; 2.000          ; 0.000 ; Min Period ; CLK_50M ; Rise       ; Game_Ctrl:game_ctrl|array[2][3][2]      ;
; -1.000 ; 1.000        ; 2.000          ; 0.000 ; Min Period ; CLK_50M ; Rise       ; Game_Ctrl:game_ctrl|array[2][4][2]      ;
; -1.000 ; 1.000        ; 2.000          ; 0.000 ; Min Period ; CLK_50M ; Rise       ; Game_Ctrl:game_ctrl|array[2][5][2]      ;
; -1.000 ; 1.000        ; 2.000          ; 0.000 ; Min Period ; CLK_50M ; Rise       ; Game_Ctrl:game_ctrl|array[2][6][2]      ;
; -1.000 ; 1.000        ; 2.000          ; 0.000 ; Min Period ; CLK_50M ; Rise       ; Game_Ctrl:game_ctrl|array[2][7][2]      ;
; -1.000 ; 1.000        ; 2.000          ; 0.000 ; Min Period ; CLK_50M ; Rise       ; Game_Ctrl:game_ctrl|array[3][0][2]      ;
; -1.000 ; 1.000        ; 2.000          ; 0.000 ; Min Period ; CLK_50M ; Rise       ; Game_Ctrl:game_ctrl|array[3][1][2]      ;
; -1.000 ; 1.000        ; 2.000          ; 0.000 ; Min Period ; CLK_50M ; Rise       ; Game_Ctrl:game_ctrl|array[3][2][2]      ;
; -1.000 ; 1.000        ; 2.000          ; 0.000 ; Min Period ; CLK_50M ; Rise       ; Game_Ctrl:game_ctrl|array[3][3][2]      ;
; -1.000 ; 1.000        ; 2.000          ; 0.000 ; Min Period ; CLK_50M ; Rise       ; Game_Ctrl:game_ctrl|array[3][4][2]      ;
; -1.000 ; 1.000        ; 2.000          ; 0.000 ; Min Period ; CLK_50M ; Rise       ; Game_Ctrl:game_ctrl|array[3][5][2]      ;
; -1.000 ; 1.000        ; 2.000          ; 0.000 ; Min Period ; CLK_50M ; Rise       ; Game_Ctrl:game_ctrl|array[3][6][2]      ;
; -1.000 ; 1.000        ; 2.000          ; 0.000 ; Min Period ; CLK_50M ; Rise       ; Game_Ctrl:game_ctrl|array[3][7][2]      ;
; -1.000 ; 1.000        ; 2.000          ; 0.000 ; Min Period ; CLK_50M ; Rise       ; Game_Ctrl:game_ctrl|block_pos[0]        ;
; -1.000 ; 1.000        ; 2.000          ; 0.000 ; Min Period ; CLK_50M ; Rise       ; Game_Ctrl:game_ctrl|block_pos[1]        ;
; -1.000 ; 1.000        ; 2.000          ; 0.000 ; Min Period ; CLK_50M ; Rise       ; Game_Ctrl:game_ctrl|block_pos[2]        ;
; -1.000 ; 1.000        ; 2.000          ; 0.000 ; Min Period ; CLK_50M ; Rise       ; Game_Ctrl:game_ctrl|block_pos[3]        ;
; -1.000 ; 1.000        ; 2.000          ; 0.000 ; Min Period ; CLK_50M ; Rise       ; Game_Ctrl:game_ctrl|block_pos[4]        ;
; -1.000 ; 1.000        ; 2.000          ; 0.000 ; Min Period ; CLK_50M ; Rise       ; Game_Ctrl:game_ctrl|clk_cnt[0]          ;
; -1.000 ; 1.000        ; 2.000          ; 0.000 ; Min Period ; CLK_50M ; Rise       ; Game_Ctrl:game_ctrl|clk_cnt[10]         ;
; -1.000 ; 1.000        ; 2.000          ; 0.000 ; Min Period ; CLK_50M ; Rise       ; Game_Ctrl:game_ctrl|clk_cnt[11]         ;
; -1.000 ; 1.000        ; 2.000          ; 0.000 ; Min Period ; CLK_50M ; Rise       ; Game_Ctrl:game_ctrl|clk_cnt[12]         ;
; -1.000 ; 1.000        ; 2.000          ; 0.000 ; Min Period ; CLK_50M ; Rise       ; Game_Ctrl:game_ctrl|clk_cnt[13]         ;
; -1.000 ; 1.000        ; 2.000          ; 0.000 ; Min Period ; CLK_50M ; Rise       ; Game_Ctrl:game_ctrl|clk_cnt[14]         ;
; -1.000 ; 1.000        ; 2.000          ; 0.000 ; Min Period ; CLK_50M ; Rise       ; Game_Ctrl:game_ctrl|clk_cnt[15]         ;
; -1.000 ; 1.000        ; 2.000          ; 0.000 ; Min Period ; CLK_50M ; Rise       ; Game_Ctrl:game_ctrl|clk_cnt[16]         ;
; -1.000 ; 1.000        ; 2.000          ; 0.000 ; Min Period ; CLK_50M ; Rise       ; Game_Ctrl:game_ctrl|clk_cnt[17]         ;
; -1.000 ; 1.000        ; 2.000          ; 0.000 ; Min Period ; CLK_50M ; Rise       ; Game_Ctrl:game_ctrl|clk_cnt[18]         ;
; -1.000 ; 1.000        ; 2.000          ; 0.000 ; Min Period ; CLK_50M ; Rise       ; Game_Ctrl:game_ctrl|clk_cnt[19]         ;
; -1.000 ; 1.000        ; 2.000          ; 0.000 ; Min Period ; CLK_50M ; Rise       ; Game_Ctrl:game_ctrl|clk_cnt[1]          ;
; -1.000 ; 1.000        ; 2.000          ; 0.000 ; Min Period ; CLK_50M ; Rise       ; Game_Ctrl:game_ctrl|clk_cnt[20]         ;
; -1.000 ; 1.000        ; 2.000          ; 0.000 ; Min Period ; CLK_50M ; Rise       ; Game_Ctrl:game_ctrl|clk_cnt[21]         ;
; -1.000 ; 1.000        ; 2.000          ; 0.000 ; Min Period ; CLK_50M ; Rise       ; Game_Ctrl:game_ctrl|clk_cnt[22]         ;
; -1.000 ; 1.000        ; 2.000          ; 0.000 ; Min Period ; CLK_50M ; Rise       ; Game_Ctrl:game_ctrl|clk_cnt[23]         ;
; -1.000 ; 1.000        ; 2.000          ; 0.000 ; Min Period ; CLK_50M ; Rise       ; Game_Ctrl:game_ctrl|clk_cnt[24]         ;
; -1.000 ; 1.000        ; 2.000          ; 0.000 ; Min Period ; CLK_50M ; Rise       ; Game_Ctrl:game_ctrl|clk_cnt[25]         ;
; -1.000 ; 1.000        ; 2.000          ; 0.000 ; Min Period ; CLK_50M ; Rise       ; Game_Ctrl:game_ctrl|clk_cnt[26]         ;
; -1.000 ; 1.000        ; 2.000          ; 0.000 ; Min Period ; CLK_50M ; Rise       ; Game_Ctrl:game_ctrl|clk_cnt[27]         ;
; -1.000 ; 1.000        ; 2.000          ; 0.000 ; Min Period ; CLK_50M ; Rise       ; Game_Ctrl:game_ctrl|clk_cnt[28]         ;
; -1.000 ; 1.000        ; 2.000          ; 0.000 ; Min Period ; CLK_50M ; Rise       ; Game_Ctrl:game_ctrl|clk_cnt[29]         ;
; -1.000 ; 1.000        ; 2.000          ; 0.000 ; Min Period ; CLK_50M ; Rise       ; Game_Ctrl:game_ctrl|clk_cnt[2]          ;
; -1.000 ; 1.000        ; 2.000          ; 0.000 ; Min Period ; CLK_50M ; Rise       ; Game_Ctrl:game_ctrl|clk_cnt[30]         ;
; -1.000 ; 1.000        ; 2.000          ; 0.000 ; Min Period ; CLK_50M ; Rise       ; Game_Ctrl:game_ctrl|clk_cnt[31]         ;
; -1.000 ; 1.000        ; 2.000          ; 0.000 ; Min Period ; CLK_50M ; Rise       ; Game_Ctrl:game_ctrl|clk_cnt[3]          ;
; -1.000 ; 1.000        ; 2.000          ; 0.000 ; Min Period ; CLK_50M ; Rise       ; Game_Ctrl:game_ctrl|clk_cnt[4]          ;
; -1.000 ; 1.000        ; 2.000          ; 0.000 ; Min Period ; CLK_50M ; Rise       ; Game_Ctrl:game_ctrl|clk_cnt[5]          ;
; -1.000 ; 1.000        ; 2.000          ; 0.000 ; Min Period ; CLK_50M ; Rise       ; Game_Ctrl:game_ctrl|clk_cnt[6]          ;
; -1.000 ; 1.000        ; 2.000          ; 0.000 ; Min Period ; CLK_50M ; Rise       ; Game_Ctrl:game_ctrl|clk_cnt[7]          ;
; -1.000 ; 1.000        ; 2.000          ; 0.000 ; Min Period ; CLK_50M ; Rise       ; Game_Ctrl:game_ctrl|clk_cnt[8]          ;
; -1.000 ; 1.000        ; 2.000          ; 0.000 ; Min Period ; CLK_50M ; Rise       ; Game_Ctrl:game_ctrl|clk_cnt[9]          ;
; -1.000 ; 1.000        ; 2.000          ; 0.000 ; Min Period ; CLK_50M ; Rise       ; Game_Ctrl:game_ctrl|game_over           ;
; -1.000 ; 1.000        ; 2.000          ; 0.000 ; Min Period ; CLK_50M ; Rise       ; Key:key|clk_cnt[0]                      ;
; -1.000 ; 1.000        ; 2.000          ; 0.000 ; Min Period ; CLK_50M ; Rise       ; Key:key|clk_cnt[10]                     ;
; -1.000 ; 1.000        ; 2.000          ; 0.000 ; Min Period ; CLK_50M ; Rise       ; Key:key|clk_cnt[11]                     ;
; -1.000 ; 1.000        ; 2.000          ; 0.000 ; Min Period ; CLK_50M ; Rise       ; Key:key|clk_cnt[12]                     ;
+--------+--------------+----------------+-------+------------+---------+------------+-----------------------------------------+


+-----------------------------------------------------------------------+
; Setup Times                                                           ;
+-----------+------------+-------+-------+------------+-----------------+
; Data Port ; Clock Port ; Rise  ; Fall  ; Clock Edge ; Clock Reference ;
+-----------+------------+-------+-------+------------+-----------------+
; RSTn      ; CLK_50M    ; 4.376 ; 4.886 ; Rise       ; CLK_50M         ;
; ps2k_clk  ; CLK_50M    ; 1.498 ; 1.884 ; Rise       ; CLK_50M         ;
; ps2k_data ; CLK_50M    ; 1.988 ; 2.428 ; Rise       ; CLK_50M         ;
+-----------+------------+-------+-------+------------+-----------------+


+-------------------------------------------------------------------------+
; Hold Times                                                              ;
+-----------+------------+--------+--------+------------+-----------------+
; Data Port ; Clock Port ; Rise   ; Fall   ; Clock Edge ; Clock Reference ;
+-----------+------------+--------+--------+------------+-----------------+
; RSTn      ; CLK_50M    ; -2.421 ; -2.906 ; Rise       ; CLK_50M         ;
; ps2k_clk  ; CLK_50M    ; -1.132 ; -1.497 ; Rise       ; CLK_50M         ;
; ps2k_data ; CLK_50M    ; -1.278 ; -1.663 ; Rise       ; CLK_50M         ;
+-----------+------------+--------+--------+------------+-----------------+


+-----------------------------------------------------------------------------+
; Clock to Output Times                                                       ;
+---------------+------------+--------+--------+------------+-----------------+
; Data Port     ; Clock Port ; Rise   ; Fall   ; Clock Edge ; Clock Reference ;
+---------------+------------+--------+--------+------------+-----------------+
; color_out[*]  ; CLK_50M    ; 10.008 ; 10.216 ; Rise       ; CLK_50M         ;
;  color_out[1] ; CLK_50M    ; 10.008 ; 10.216 ; Rise       ; CLK_50M         ;
;  color_out[2] ; CLK_50M    ; 9.956  ; 10.182 ; Rise       ; CLK_50M         ;
; hsync         ; CLK_50M    ; 5.692  ; 5.649  ; Rise       ; CLK_50M         ;
; led_out[*]    ; CLK_50M    ; 7.944  ; 8.200  ; Rise       ; CLK_50M         ;
;  led_out[0]   ; CLK_50M    ; 7.944  ; 8.200  ; Rise       ; CLK_50M         ;
;  led_out[1]   ; CLK_50M    ; 6.656  ; 6.800  ; Rise       ; CLK_50M         ;
;  led_out[2]   ; CLK_50M    ; 6.469  ; 6.367  ; Rise       ; CLK_50M         ;
; vsync         ; CLK_50M    ; 5.388  ; 5.373  ; Rise       ; CLK_50M         ;
+---------------+------------+--------+--------+------------+-----------------+


+---------------------------------------------------------------------------+
; Minimum Clock to Output Times                                             ;
+---------------+------------+-------+-------+------------+-----------------+
; Data Port     ; Clock Port ; Rise  ; Fall  ; Clock Edge ; Clock Reference ;
+---------------+------------+-------+-------+------------+-----------------+
; color_out[*]  ; CLK_50M    ; 6.527 ; 6.589 ; Rise       ; CLK_50M         ;
;  color_out[1] ; CLK_50M    ; 6.773 ; 6.830 ; Rise       ; CLK_50M         ;
;  color_out[2] ; CLK_50M    ; 6.527 ; 6.589 ; Rise       ; CLK_50M         ;
; hsync         ; CLK_50M    ; 5.574 ; 5.532 ; Rise       ; CLK_50M         ;
; led_out[*]    ; CLK_50M    ; 6.320 ; 6.222 ; Rise       ; CLK_50M         ;
;  led_out[0]   ; CLK_50M    ; 7.785 ; 8.034 ; Rise       ; CLK_50M         ;
;  led_out[1]   ; CLK_50M    ; 6.500 ; 6.638 ; Rise       ; CLK_50M         ;
;  led_out[2]   ; CLK_50M    ; 6.320 ; 6.222 ; Rise       ; CLK_50M         ;
; vsync         ; CLK_50M    ; 5.283 ; 5.269 ; Rise       ; CLK_50M         ;
+---------------+------------+-------+-------+------------+-----------------+


+-------------------------------------------------+
; Slow 1200mV 0C Model Fmax Summary               ;
+-----------+-----------------+------------+------+
; Fmax      ; Restricted Fmax ; Clock Name ; Note ;
+-----------+-----------------+------------+------+
; 83.35 MHz ; 83.35 MHz       ; CLK_50M    ;      ;
+-----------+-----------------+------------+------+
This panel reports FMAX for every clock in the design, regardless of the user-specified clock periods.  FMAX is only computed for paths where the source and destination registers or ports are driven by the same clock.  Paths of different clocks, including generated clocks, are ignored.  For paths between a clock and its inversion, FMAX is computed as if the rising and falling edges are scaled along with FMAX, such that the duty cycle (in terms of a percentage) is maintained. Altera recommends that you always use clock constraints and other slack reports for sign-off analysis.


+------------------------------------+
; Slow 1200mV 0C Model Setup Summary ;
+---------+---------+----------------+
; Clock   ; Slack   ; End Point TNS  ;
+---------+---------+----------------+
; CLK_50M ; -10.998 ; -459.747       ;
+---------+---------+----------------+


+-----------------------------------+
; Slow 1200mV 0C Model Hold Summary ;
+---------+-------+-----------------+
; Clock   ; Slack ; End Point TNS   ;
+---------+-------+-----------------+
; CLK_50M ; 0.312 ; 0.000           ;
+---------+-------+-----------------+


-----------------------------------------
; Slow 1200mV 0C Model Recovery Summary ;
-----------------------------------------
No paths to report.


----------------------------------------
; Slow 1200mV 0C Model Removal Summary ;
----------------------------------------
No paths to report.


+------------------------------------------------------------------------------------------------------------------------------+
; Slow 1200mV 0C Model Minimum Pulse Width                                                                                     ;
+--------+--------------+----------------+-------+------------+---------+------------+-----------------------------------------+
; Slack  ; Actual Width ; Required Width ; CCPP  ; Type       ; Clock   ; Clock Edge ; Target                                  ;
+--------+--------------+----------------+-------+------------+---------+------------+-----------------------------------------+
; -3.000 ; 1.000        ; 4.000          ; 0.000 ; Port Rate  ; CLK_50M ; Rise       ; CLK_50M                                 ;
; -1.000 ; 1.000        ; 2.000          ; 0.000 ; Min Period ; CLK_50M ; Rise       ; Display_Ctrl:display_ctrl|hsync         ;
; -1.000 ; 1.000        ; 2.000          ; 0.000 ; Min Period ; CLK_50M ; Rise       ; Display_Ctrl:display_ctrl|temp_color[1] ;
; -1.000 ; 1.000        ; 2.000          ; 0.000 ; Min Period ; CLK_50M ; Rise       ; Display_Ctrl:display_ctrl|temp_color[2] ;
; -1.000 ; 1.000        ; 2.000          ; 0.000 ; Min Period ; CLK_50M ; Rise       ; Display_Ctrl:display_ctrl|vsync         ;
; -1.000 ; 1.000        ; 2.000          ; 0.000 ; Min Period ; CLK_50M ; Rise       ; Display_Ctrl:display_ctrl|x_cnt[0]      ;
; -1.000 ; 1.000        ; 2.000          ; 0.000 ; Min Period ; CLK_50M ; Rise       ; Display_Ctrl:display_ctrl|x_cnt[10]     ;
; -1.000 ; 1.000        ; 2.000          ; 0.000 ; Min Period ; CLK_50M ; Rise       ; Display_Ctrl:display_ctrl|x_cnt[1]      ;
; -1.000 ; 1.000        ; 2.000          ; 0.000 ; Min Period ; CLK_50M ; Rise       ; Display_Ctrl:display_ctrl|x_cnt[2]      ;
; -1.000 ; 1.000        ; 2.000          ; 0.000 ; Min Period ; CLK_50M ; Rise       ; Display_Ctrl:display_ctrl|x_cnt[3]      ;
; -1.000 ; 1.000        ; 2.000          ; 0.000 ; Min Period ; CLK_50M ; Rise       ; Display_Ctrl:display_ctrl|x_cnt[4]      ;
; -1.000 ; 1.000        ; 2.000          ; 0.000 ; Min Period ; CLK_50M ; Rise       ; Display_Ctrl:display_ctrl|x_cnt[5]      ;
; -1.000 ; 1.000        ; 2.000          ; 0.000 ; Min Period ; CLK_50M ; Rise       ; Display_Ctrl:display_ctrl|x_cnt[6]      ;
; -1.000 ; 1.000        ; 2.000          ; 0.000 ; Min Period ; CLK_50M ; Rise       ; Display_Ctrl:display_ctrl|x_cnt[7]      ;
; -1.000 ; 1.000        ; 2.000          ; 0.000 ; Min Period ; CLK_50M ; Rise       ; Display_Ctrl:display_ctrl|x_cnt[8]      ;
; -1.000 ; 1.000        ; 2.000          ; 0.000 ; Min Period ; CLK_50M ; Rise       ; Display_Ctrl:display_ctrl|x_cnt[9]      ;
; -1.000 ; 1.000        ; 2.000          ; 0.000 ; Min Period ; CLK_50M ; Rise       ; Display_Ctrl:display_ctrl|y_cnt[0]      ;
; -1.000 ; 1.000        ; 2.000          ; 0.000 ; Min Period ; CLK_50M ; Rise       ; Display_Ctrl:display_ctrl|y_cnt[1]      ;
; -1.000 ; 1.000        ; 2.000          ; 0.000 ; Min Period ; CLK_50M ; Rise       ; Display_Ctrl:display_ctrl|y_cnt[2]      ;
; -1.000 ; 1.000        ; 2.000          ; 0.000 ; Min Period ; CLK_50M ; Rise       ; Display_Ctrl:display_ctrl|y_cnt[3]      ;
; -1.000 ; 1.000        ; 2.000          ; 0.000 ; Min Period ; CLK_50M ; Rise       ; Display_Ctrl:display_ctrl|y_cnt[4]      ;
; -1.000 ; 1.000        ; 2.000          ; 0.000 ; Min Period ; CLK_50M ; Rise       ; Display_Ctrl:display_ctrl|y_cnt[5]      ;
; -1.000 ; 1.000        ; 2.000          ; 0.000 ; Min Period ; CLK_50M ; Rise       ; Display_Ctrl:display_ctrl|y_cnt[6]      ;
; -1.000 ; 1.000        ; 2.000          ; 0.000 ; Min Period ; CLK_50M ; Rise       ; Display_Ctrl:display_ctrl|y_cnt[7]      ;
; -1.000 ; 1.000        ; 2.000          ; 0.000 ; Min Period ; CLK_50M ; Rise       ; Display_Ctrl:display_ctrl|y_cnt[8]      ;
; -1.000 ; 1.000        ; 2.000          ; 0.000 ; Min Period ; CLK_50M ; Rise       ; Display_Ctrl:display_ctrl|y_cnt[9]      ;
; -1.000 ; 1.000        ; 2.000          ; 0.000 ; Min Period ; CLK_50M ; Rise       ; Game_Ctrl:game_ctrl|array[0][0][2]      ;
; -1.000 ; 1.000        ; 2.000          ; 0.000 ; Min Period ; CLK_50M ; Rise       ; Game_Ctrl:game_ctrl|array[0][1][2]      ;
; -1.000 ; 1.000        ; 2.000          ; 0.000 ; Min Period ; CLK_50M ; Rise       ; Game_Ctrl:game_ctrl|array[0][2][2]      ;
; -1.000 ; 1.000        ; 2.000          ; 0.000 ; Min Period ; CLK_50M ; Rise       ; Game_Ctrl:game_ctrl|array[0][3][2]      ;
; -1.000 ; 1.000        ; 2.000          ; 0.000 ; Min Period ; CLK_50M ; Rise       ; Game_Ctrl:game_ctrl|array[0][4][2]      ;
; -1.000 ; 1.000        ; 2.000          ; 0.000 ; Min Period ; CLK_50M ; Rise       ; Game_Ctrl:game_ctrl|array[0][5][2]      ;
; -1.000 ; 1.000        ; 2.000          ; 0.000 ; Min Period ; CLK_50M ; Rise       ; Game_Ctrl:game_ctrl|array[0][6][2]      ;
; -1.000 ; 1.000        ; 2.000          ; 0.000 ; Min Period ; CLK_50M ; Rise       ; Game_Ctrl:game_ctrl|array[0][7][2]      ;
; -1.000 ; 1.000        ; 2.000          ; 0.000 ; Min Period ; CLK_50M ; Rise       ; Game_Ctrl:game_ctrl|array[1][0][2]      ;
; -1.000 ; 1.000        ; 2.000          ; 0.000 ; Min Period ; CLK_50M ; Rise       ; Game_Ctrl:game_ctrl|array[1][1][2]      ;
; -1.000 ; 1.000        ; 2.000          ; 0.000 ; Min Period ; CLK_50M ; Rise       ; Game_Ctrl:game_ctrl|array[1][2][2]      ;
; -1.000 ; 1.000        ; 2.000          ; 0.000 ; Min Period ; CLK_50M ; Rise       ; Game_Ctrl:game_ctrl|array[1][3][2]      ;
; -1.000 ; 1.000        ; 2.000          ; 0.000 ; Min Period ; CLK_50M ; Rise       ; Game_Ctrl:game_ctrl|array[1][4][2]      ;
; -1.000 ; 1.000        ; 2.000          ; 0.000 ; Min Period ; CLK_50M ; Rise       ; Game_Ctrl:game_ctrl|array[1][5][2]      ;
; -1.000 ; 1.000        ; 2.000          ; 0.000 ; Min Period ; CLK_50M ; Rise       ; Game_Ctrl:game_ctrl|array[1][6][2]      ;
; -1.000 ; 1.000        ; 2.000          ; 0.000 ; Min Period ; CLK_50M ; Rise       ; Game_Ctrl:game_ctrl|array[1][7][2]      ;
; -1.000 ; 1.000        ; 2.000          ; 0.000 ; Min Period ; CLK_50M ; Rise       ; Game_Ctrl:game_ctrl|array[2][0][2]      ;
; -1.000 ; 1.000        ; 2.000          ; 0.000 ; Min Period ; CLK_50M ; Rise       ; Game_Ctrl:game_ctrl|array[2][1][2]      ;
; -1.000 ; 1.000        ; 2.000          ; 0.000 ; Min Period ; CLK_50M ; Rise       ; Game_Ctrl:game_ctrl|array[2][2][2]      ;
; -1.000 ; 1.000        ; 2.000          ; 0.000 ; Min Period ; CLK_50M ; Rise       ; Game_Ctrl:game_ctrl|array[2][3][2]      ;
; -1.000 ; 1.000        ; 2.000          ; 0.000 ; Min Period ; CLK_50M ; Rise       ; Game_Ctrl:game_ctrl|array[2][4][2]      ;
; -1.000 ; 1.000        ; 2.000          ; 0.000 ; Min Period ; CLK_50M ; Rise       ; Game_Ctrl:game_ctrl|array[2][5][2]      ;
; -1.000 ; 1.000        ; 2.000          ; 0.000 ; Min Period ; CLK_50M ; Rise       ; Game_Ctrl:game_ctrl|array[2][6][2]      ;
; -1.000 ; 1.000        ; 2.000          ; 0.000 ; Min Period ; CLK_50M ; Rise       ; Game_Ctrl:game_ctrl|array[2][7][2]      ;
; -1.000 ; 1.000        ; 2.000          ; 0.000 ; Min Period ; CLK_50M ; Rise       ; Game_Ctrl:game_ctrl|array[3][0][2]      ;
; -1.000 ; 1.000        ; 2.000          ; 0.000 ; Min Period ; CLK_50M ; Rise       ; Game_Ctrl:game_ctrl|array[3][1][2]      ;
; -1.000 ; 1.000        ; 2.000          ; 0.000 ; Min Period ; CLK_50M ; Rise       ; Game_Ctrl:game_ctrl|array[3][2][2]      ;
; -1.000 ; 1.000        ; 2.000          ; 0.000 ; Min Period ; CLK_50M ; Rise       ; Game_Ctrl:game_ctrl|array[3][3][2]      ;
; -1.000 ; 1.000        ; 2.000          ; 0.000 ; Min Period ; CLK_50M ; Rise       ; Game_Ctrl:game_ctrl|array[3][4][2]      ;
; -1.000 ; 1.000        ; 2.000          ; 0.000 ; Min Period ; CLK_50M ; Rise       ; Game_Ctrl:game_ctrl|array[3][5][2]      ;
; -1.000 ; 1.000        ; 2.000          ; 0.000 ; Min Period ; CLK_50M ; Rise       ; Game_Ctrl:game_ctrl|array[3][6][2]      ;
; -1.000 ; 1.000        ; 2.000          ; 0.000 ; Min Period ; CLK_50M ; Rise       ; Game_Ctrl:game_ctrl|array[3][7][2]      ;
; -1.000 ; 1.000        ; 2.000          ; 0.000 ; Min Period ; CLK_50M ; Rise       ; Game_Ctrl:game_ctrl|block_pos[0]        ;
; -1.000 ; 1.000        ; 2.000          ; 0.000 ; Min Period ; CLK_50M ; Rise       ; Game_Ctrl:game_ctrl|block_pos[1]        ;
; -1.000 ; 1.000        ; 2.000          ; 0.000 ; Min Period ; CLK_50M ; Rise       ; Game_Ctrl:game_ctrl|block_pos[2]        ;
; -1.000 ; 1.000        ; 2.000          ; 0.000 ; Min Period ; CLK_50M ; Rise       ; Game_Ctrl:game_ctrl|block_pos[3]        ;
; -1.000 ; 1.000        ; 2.000          ; 0.000 ; Min Period ; CLK_50M ; Rise       ; Game_Ctrl:game_ctrl|block_pos[4]        ;
; -1.000 ; 1.000        ; 2.000          ; 0.000 ; Min Period ; CLK_50M ; Rise       ; Game_Ctrl:game_ctrl|clk_cnt[0]          ;
; -1.000 ; 1.000        ; 2.000          ; 0.000 ; Min Period ; CLK_50M ; Rise       ; Game_Ctrl:game_ctrl|clk_cnt[10]         ;
; -1.000 ; 1.000        ; 2.000          ; 0.000 ; Min Period ; CLK_50M ; Rise       ; Game_Ctrl:game_ctrl|clk_cnt[11]         ;
; -1.000 ; 1.000        ; 2.000          ; 0.000 ; Min Period ; CLK_50M ; Rise       ; Game_Ctrl:game_ctrl|clk_cnt[12]         ;
; -1.000 ; 1.000        ; 2.000          ; 0.000 ; Min Period ; CLK_50M ; Rise       ; Game_Ctrl:game_ctrl|clk_cnt[13]         ;
; -1.000 ; 1.000        ; 2.000          ; 0.000 ; Min Period ; CLK_50M ; Rise       ; Game_Ctrl:game_ctrl|clk_cnt[14]         ;
; -1.000 ; 1.000        ; 2.000          ; 0.000 ; Min Period ; CLK_50M ; Rise       ; Game_Ctrl:game_ctrl|clk_cnt[15]         ;
; -1.000 ; 1.000        ; 2.000          ; 0.000 ; Min Period ; CLK_50M ; Rise       ; Game_Ctrl:game_ctrl|clk_cnt[16]         ;
; -1.000 ; 1.000        ; 2.000          ; 0.000 ; Min Period ; CLK_50M ; Rise       ; Game_Ctrl:game_ctrl|clk_cnt[17]         ;
; -1.000 ; 1.000        ; 2.000          ; 0.000 ; Min Period ; CLK_50M ; Rise       ; Game_Ctrl:game_ctrl|clk_cnt[18]         ;
; -1.000 ; 1.000        ; 2.000          ; 0.000 ; Min Period ; CLK_50M ; Rise       ; Game_Ctrl:game_ctrl|clk_cnt[19]         ;
; -1.000 ; 1.000        ; 2.000          ; 0.000 ; Min Period ; CLK_50M ; Rise       ; Game_Ctrl:game_ctrl|clk_cnt[1]          ;
; -1.000 ; 1.000        ; 2.000          ; 0.000 ; Min Period ; CLK_50M ; Rise       ; Game_Ctrl:game_ctrl|clk_cnt[20]         ;
; -1.000 ; 1.000        ; 2.000          ; 0.000 ; Min Period ; CLK_50M ; Rise       ; Game_Ctrl:game_ctrl|clk_cnt[21]         ;
; -1.000 ; 1.000        ; 2.000          ; 0.000 ; Min Period ; CLK_50M ; Rise       ; Game_Ctrl:game_ctrl|clk_cnt[22]         ;
; -1.000 ; 1.000        ; 2.000          ; 0.000 ; Min Period ; CLK_50M ; Rise       ; Game_Ctrl:game_ctrl|clk_cnt[23]         ;
; -1.000 ; 1.000        ; 2.000          ; 0.000 ; Min Period ; CLK_50M ; Rise       ; Game_Ctrl:game_ctrl|clk_cnt[24]         ;
; -1.000 ; 1.000        ; 2.000          ; 0.000 ; Min Period ; CLK_50M ; Rise       ; Game_Ctrl:game_ctrl|clk_cnt[25]         ;
; -1.000 ; 1.000        ; 2.000          ; 0.000 ; Min Period ; CLK_50M ; Rise       ; Game_Ctrl:game_ctrl|clk_cnt[26]         ;
; -1.000 ; 1.000        ; 2.000          ; 0.000 ; Min Period ; CLK_50M ; Rise       ; Game_Ctrl:game_ctrl|clk_cnt[27]         ;
; -1.000 ; 1.000        ; 2.000          ; 0.000 ; Min Period ; CLK_50M ; Rise       ; Game_Ctrl:game_ctrl|clk_cnt[28]         ;
; -1.000 ; 1.000        ; 2.000          ; 0.000 ; Min Period ; CLK_50M ; Rise       ; Game_Ctrl:game_ctrl|clk_cnt[29]         ;
; -1.000 ; 1.000        ; 2.000          ; 0.000 ; Min Period ; CLK_50M ; Rise       ; Game_Ctrl:game_ctrl|clk_cnt[2]          ;
; -1.000 ; 1.000        ; 2.000          ; 0.000 ; Min Period ; CLK_50M ; Rise       ; Game_Ctrl:game_ctrl|clk_cnt[30]         ;
; -1.000 ; 1.000        ; 2.000          ; 0.000 ; Min Period ; CLK_50M ; Rise       ; Game_Ctrl:game_ctrl|clk_cnt[31]         ;
; -1.000 ; 1.000        ; 2.000          ; 0.000 ; Min Period ; CLK_50M ; Rise       ; Game_Ctrl:game_ctrl|clk_cnt[3]          ;
; -1.000 ; 1.000        ; 2.000          ; 0.000 ; Min Period ; CLK_50M ; Rise       ; Game_Ctrl:game_ctrl|clk_cnt[4]          ;
; -1.000 ; 1.000        ; 2.000          ; 0.000 ; Min Period ; CLK_50M ; Rise       ; Game_Ctrl:game_ctrl|clk_cnt[5]          ;
; -1.000 ; 1.000        ; 2.000          ; 0.000 ; Min Period ; CLK_50M ; Rise       ; Game_Ctrl:game_ctrl|clk_cnt[6]          ;
; -1.000 ; 1.000        ; 2.000          ; 0.000 ; Min Period ; CLK_50M ; Rise       ; Game_Ctrl:game_ctrl|clk_cnt[7]          ;
; -1.000 ; 1.000        ; 2.000          ; 0.000 ; Min Period ; CLK_50M ; Rise       ; Game_Ctrl:game_ctrl|clk_cnt[8]          ;
; -1.000 ; 1.000        ; 2.000          ; 0.000 ; Min Period ; CLK_50M ; Rise       ; Game_Ctrl:game_ctrl|clk_cnt[9]          ;
; -1.000 ; 1.000        ; 2.000          ; 0.000 ; Min Period ; CLK_50M ; Rise       ; Game_Ctrl:game_ctrl|game_over           ;
; -1.000 ; 1.000        ; 2.000          ; 0.000 ; Min Period ; CLK_50M ; Rise       ; Key:key|clk_cnt[0]                      ;
; -1.000 ; 1.000        ; 2.000          ; 0.000 ; Min Period ; CLK_50M ; Rise       ; Key:key|clk_cnt[10]                     ;
; -1.000 ; 1.000        ; 2.000          ; 0.000 ; Min Period ; CLK_50M ; Rise       ; Key:key|clk_cnt[11]                     ;
; -1.000 ; 1.000        ; 2.000          ; 0.000 ; Min Period ; CLK_50M ; Rise       ; Key:key|clk_cnt[12]                     ;
+--------+--------------+----------------+-------+------------+---------+------------+-----------------------------------------+


+-----------------------------------------------------------------------+
; Setup Times                                                           ;
+-----------+------------+-------+-------+------------+-----------------+
; Data Port ; Clock Port ; Rise  ; Fall  ; Clock Edge ; Clock Reference ;
+-----------+------------+-------+-------+------------+-----------------+
; RSTn      ; CLK_50M    ; 3.916 ; 4.271 ; Rise       ; CLK_50M         ;
; ps2k_clk  ; CLK_50M    ; 1.274 ; 1.577 ; Rise       ; CLK_50M         ;
; ps2k_data ; CLK_50M    ; 1.716 ; 2.046 ; Rise       ; CLK_50M         ;
+-----------+------------+-------+-------+------------+-----------------+


+-------------------------------------------------------------------------+
; Hold Times                                                              ;
+-----------+------------+--------+--------+------------+-----------------+
; Data Port ; Clock Port ; Rise   ; Fall   ; Clock Edge ; Clock Reference ;
+-----------+------------+--------+--------+------------+-----------------+
; RSTn      ; CLK_50M    ; -2.128 ; -2.493 ; Rise       ; CLK_50M         ;
; ps2k_clk  ; CLK_50M    ; -0.950 ; -1.240 ; Rise       ; CLK_50M         ;
; ps2k_data ; CLK_50M    ; -1.075 ; -1.386 ; Rise       ; CLK_50M         ;
+-----------+------------+--------+--------+------------+-----------------+


+---------------------------------------------------------------------------+
; Clock to Output Times                                                     ;
+---------------+------------+-------+-------+------------+-----------------+
; Data Port     ; Clock Port ; Rise  ; Fall  ; Clock Edge ; Clock Reference ;
+---------------+------------+-------+-------+------------+-----------------+
; color_out[*]  ; CLK_50M    ; 9.266 ; 9.438 ; Rise       ; CLK_50M         ;
;  color_out[1] ; CLK_50M    ; 9.266 ; 9.438 ; Rise       ; CLK_50M         ;
;  color_out[2] ; CLK_50M    ; 9.217 ; 9.399 ; Rise       ; CLK_50M         ;
; hsync         ; CLK_50M    ; 5.379 ; 5.377 ; Rise       ; CLK_50M         ;
; led_out[*]    ; CLK_50M    ; 7.593 ; 7.775 ; Rise       ; CLK_50M         ;
;  led_out[0]   ; CLK_50M    ; 7.593 ; 7.775 ; Rise       ; CLK_50M         ;
;  led_out[1]   ; CLK_50M    ; 6.312 ; 6.366 ; Rise       ; CLK_50M         ;
;  led_out[2]   ; CLK_50M    ; 6.084 ; 6.040 ; Rise       ; CLK_50M         ;
; vsync         ; CLK_50M    ; 5.117 ; 5.125 ; Rise       ; CLK_50M         ;
+---------------+------------+-------+-------+------------+-----------------+


+---------------------------------------------------------------------------+
; Minimum Clock to Output Times                                             ;
+---------------+------------+-------+-------+------------+-----------------+
; Data Port     ; Clock Port ; Rise  ; Fall  ; Clock Edge ; Clock Reference ;
+---------------+------------+-------+-------+------------+-----------------+
; color_out[*]  ; CLK_50M    ; 6.195 ; 6.195 ; Rise       ; CLK_50M         ;
;  color_out[1] ; CLK_50M    ; 6.410 ; 6.412 ; Rise       ; CLK_50M         ;
;  color_out[2] ; CLK_50M    ; 6.195 ; 6.195 ; Rise       ; CLK_50M         ;
; hsync         ; CLK_50M    ; 5.275 ; 5.274 ; Rise       ; CLK_50M         ;
; led_out[*]    ; CLK_50M    ; 5.952 ; 5.911 ; Rise       ; CLK_50M         ;
;  led_out[0]   ; CLK_50M    ; 7.448 ; 7.628 ; Rise       ; CLK_50M         ;
;  led_out[1]   ; CLK_50M    ; 6.170 ; 6.222 ; Rise       ; CLK_50M         ;
;  led_out[2]   ; CLK_50M    ; 5.952 ; 5.911 ; Rise       ; CLK_50M         ;
; vsync         ; CLK_50M    ; 5.024 ; 5.032 ; Rise       ; CLK_50M         ;
+---------------+------------+-------+-------+------------+-----------------+


+------------------------------------+
; Fast 1200mV 0C Model Setup Summary ;
+---------+--------+-----------------+
; Clock   ; Slack  ; End Point TNS   ;
+---------+--------+-----------------+
; CLK_50M ; -6.452 ; -234.303        ;
+---------+--------+-----------------+


+-----------------------------------+
; Fast 1200mV 0C Model Hold Summary ;
+---------+-------+-----------------+
; Clock   ; Slack ; End Point TNS   ;
+---------+-------+-----------------+
; CLK_50M ; 0.187 ; 0.000           ;
+---------+-------+-----------------+


-----------------------------------------
; Fast 1200mV 0C Model Recovery Summary ;
-----------------------------------------
No paths to report.


----------------------------------------
; Fast 1200mV 0C Model Removal Summary ;
----------------------------------------
No paths to report.


+------------------------------------------------------------------------------------------------------------------------------+
; Fast 1200mV 0C Model Minimum Pulse Width                                                                                     ;
+--------+--------------+----------------+-------+------------+---------+------------+-----------------------------------------+
; Slack  ; Actual Width ; Required Width ; CCPP  ; Type       ; Clock   ; Clock Edge ; Target                                  ;
+--------+--------------+----------------+-------+------------+---------+------------+-----------------------------------------+
; -3.000 ; 1.000        ; 4.000          ; 0.000 ; Port Rate  ; CLK_50M ; Rise       ; CLK_50M                                 ;
; -1.000 ; 1.000        ; 2.000          ; 0.000 ; Min Period ; CLK_50M ; Rise       ; Display_Ctrl:display_ctrl|hsync         ;
; -1.000 ; 1.000        ; 2.000          ; 0.000 ; Min Period ; CLK_50M ; Rise       ; Display_Ctrl:display_ctrl|temp_color[1] ;
; -1.000 ; 1.000        ; 2.000          ; 0.000 ; Min Period ; CLK_50M ; Rise       ; Display_Ctrl:display_ctrl|temp_color[2] ;
; -1.000 ; 1.000        ; 2.000          ; 0.000 ; Min Period ; CLK_50M ; Rise       ; Display_Ctrl:display_ctrl|vsync         ;
; -1.000 ; 1.000        ; 2.000          ; 0.000 ; Min Period ; CLK_50M ; Rise       ; Display_Ctrl:display_ctrl|x_cnt[0]      ;
; -1.000 ; 1.000        ; 2.000          ; 0.000 ; Min Period ; CLK_50M ; Rise       ; Display_Ctrl:display_ctrl|x_cnt[10]     ;
; -1.000 ; 1.000        ; 2.000          ; 0.000 ; Min Period ; CLK_50M ; Rise       ; Display_Ctrl:display_ctrl|x_cnt[1]      ;
; -1.000 ; 1.000        ; 2.000          ; 0.000 ; Min Period ; CLK_50M ; Rise       ; Display_Ctrl:display_ctrl|x_cnt[2]      ;
; -1.000 ; 1.000        ; 2.000          ; 0.000 ; Min Period ; CLK_50M ; Rise       ; Display_Ctrl:display_ctrl|x_cnt[3]      ;
; -1.000 ; 1.000        ; 2.000          ; 0.000 ; Min Period ; CLK_50M ; Rise       ; Display_Ctrl:display_ctrl|x_cnt[4]      ;
; -1.000 ; 1.000        ; 2.000          ; 0.000 ; Min Period ; CLK_50M ; Rise       ; Display_Ctrl:display_ctrl|x_cnt[5]      ;
; -1.000 ; 1.000        ; 2.000          ; 0.000 ; Min Period ; CLK_50M ; Rise       ; Display_Ctrl:display_ctrl|x_cnt[6]      ;
; -1.000 ; 1.000        ; 2.000          ; 0.000 ; Min Period ; CLK_50M ; Rise       ; Display_Ctrl:display_ctrl|x_cnt[7]      ;
; -1.000 ; 1.000        ; 2.000          ; 0.000 ; Min Period ; CLK_50M ; Rise       ; Display_Ctrl:display_ctrl|x_cnt[8]      ;
; -1.000 ; 1.000        ; 2.000          ; 0.000 ; Min Period ; CLK_50M ; Rise       ; Display_Ctrl:display_ctrl|x_cnt[9]      ;
; -1.000 ; 1.000        ; 2.000          ; 0.000 ; Min Period ; CLK_50M ; Rise       ; Display_Ctrl:display_ctrl|y_cnt[0]      ;
; -1.000 ; 1.000        ; 2.000          ; 0.000 ; Min Period ; CLK_50M ; Rise       ; Display_Ctrl:display_ctrl|y_cnt[1]      ;
; -1.000 ; 1.000        ; 2.000          ; 0.000 ; Min Period ; CLK_50M ; Rise       ; Display_Ctrl:display_ctrl|y_cnt[2]      ;
; -1.000 ; 1.000        ; 2.000          ; 0.000 ; Min Period ; CLK_50M ; Rise       ; Display_Ctrl:display_ctrl|y_cnt[3]      ;
; -1.000 ; 1.000        ; 2.000          ; 0.000 ; Min Period ; CLK_50M ; Rise       ; Display_Ctrl:display_ctrl|y_cnt[4]      ;
; -1.000 ; 1.000        ; 2.000          ; 0.000 ; Min Period ; CLK_50M ; Rise       ; Display_Ctrl:display_ctrl|y_cnt[5]      ;
; -1.000 ; 1.000        ; 2.000          ; 0.000 ; Min Period ; CLK_50M ; Rise       ; Display_Ctrl:display_ctrl|y_cnt[6]      ;
; -1.000 ; 1.000        ; 2.000          ; 0.000 ; Min Period ; CLK_50M ; Rise       ; Display_Ctrl:display_ctrl|y_cnt[7]      ;
; -1.000 ; 1.000        ; 2.000          ; 0.000 ; Min Period ; CLK_50M ; Rise       ; Display_Ctrl:display_ctrl|y_cnt[8]      ;
; -1.000 ; 1.000        ; 2.000          ; 0.000 ; Min Period ; CLK_50M ; Rise       ; Display_Ctrl:display_ctrl|y_cnt[9]      ;
; -1.000 ; 1.000        ; 2.000          ; 0.000 ; Min Period ; CLK_50M ; Rise       ; Game_Ctrl:game_ctrl|array[0][0][2]      ;
; -1.000 ; 1.000        ; 2.000          ; 0.000 ; Min Period ; CLK_50M ; Rise       ; Game_Ctrl:game_ctrl|array[0][1][2]      ;
; -1.000 ; 1.000        ; 2.000          ; 0.000 ; Min Period ; CLK_50M ; Rise       ; Game_Ctrl:game_ctrl|array[0][2][2]      ;
; -1.000 ; 1.000        ; 2.000          ; 0.000 ; Min Period ; CLK_50M ; Rise       ; Game_Ctrl:game_ctrl|array[0][3][2]      ;
; -1.000 ; 1.000        ; 2.000          ; 0.000 ; Min Period ; CLK_50M ; Rise       ; Game_Ctrl:game_ctrl|array[0][4][2]      ;
; -1.000 ; 1.000        ; 2.000          ; 0.000 ; Min Period ; CLK_50M ; Rise       ; Game_Ctrl:game_ctrl|array[0][5][2]      ;
; -1.000 ; 1.000        ; 2.000          ; 0.000 ; Min Period ; CLK_50M ; Rise       ; Game_Ctrl:game_ctrl|array[0][6][2]      ;
; -1.000 ; 1.000        ; 2.000          ; 0.000 ; Min Period ; CLK_50M ; Rise       ; Game_Ctrl:game_ctrl|array[0][7][2]      ;
; -1.000 ; 1.000        ; 2.000          ; 0.000 ; Min Period ; CLK_50M ; Rise       ; Game_Ctrl:game_ctrl|array[1][0][2]      ;
; -1.000 ; 1.000        ; 2.000          ; 0.000 ; Min Period ; CLK_50M ; Rise       ; Game_Ctrl:game_ctrl|array[1][1][2]      ;
; -1.000 ; 1.000        ; 2.000          ; 0.000 ; Min Period ; CLK_50M ; Rise       ; Game_Ctrl:game_ctrl|array[1][2][2]      ;
; -1.000 ; 1.000        ; 2.000          ; 0.000 ; Min Period ; CLK_50M ; Rise       ; Game_Ctrl:game_ctrl|array[1][3][2]      ;
; -1.000 ; 1.000        ; 2.000          ; 0.000 ; Min Period ; CLK_50M ; Rise       ; Game_Ctrl:game_ctrl|array[1][4][2]      ;
; -1.000 ; 1.000        ; 2.000          ; 0.000 ; Min Period ; CLK_50M ; Rise       ; Game_Ctrl:game_ctrl|array[1][5][2]      ;
; -1.000 ; 1.000        ; 2.000          ; 0.000 ; Min Period ; CLK_50M ; Rise       ; Game_Ctrl:game_ctrl|array[1][6][2]      ;
; -1.000 ; 1.000        ; 2.000          ; 0.000 ; Min Period ; CLK_50M ; Rise       ; Game_Ctrl:game_ctrl|array[1][7][2]      ;
; -1.000 ; 1.000        ; 2.000          ; 0.000 ; Min Period ; CLK_50M ; Rise       ; Game_Ctrl:game_ctrl|array[2][0][2]      ;
; -1.000 ; 1.000        ; 2.000          ; 0.000 ; Min Period ; CLK_50M ; Rise       ; Game_Ctrl:game_ctrl|array[2][1][2]      ;
; -1.000 ; 1.000        ; 2.000          ; 0.000 ; Min Period ; CLK_50M ; Rise       ; Game_Ctrl:game_ctrl|array[2][2][2]      ;
; -1.000 ; 1.000        ; 2.000          ; 0.000 ; Min Period ; CLK_50M ; Rise       ; Game_Ctrl:game_ctrl|array[2][3][2]      ;
; -1.000 ; 1.000        ; 2.000          ; 0.000 ; Min Period ; CLK_50M ; Rise       ; Game_Ctrl:game_ctrl|array[2][4][2]      ;
; -1.000 ; 1.000        ; 2.000          ; 0.000 ; Min Period ; CLK_50M ; Rise       ; Game_Ctrl:game_ctrl|array[2][5][2]      ;
; -1.000 ; 1.000        ; 2.000          ; 0.000 ; Min Period ; CLK_50M ; Rise       ; Game_Ctrl:game_ctrl|array[2][6][2]      ;
; -1.000 ; 1.000        ; 2.000          ; 0.000 ; Min Period ; CLK_50M ; Rise       ; Game_Ctrl:game_ctrl|array[2][7][2]      ;
; -1.000 ; 1.000        ; 2.000          ; 0.000 ; Min Period ; CLK_50M ; Rise       ; Game_Ctrl:game_ctrl|array[3][0][2]      ;
; -1.000 ; 1.000        ; 2.000          ; 0.000 ; Min Period ; CLK_50M ; Rise       ; Game_Ctrl:game_ctrl|array[3][1][2]      ;
; -1.000 ; 1.000        ; 2.000          ; 0.000 ; Min Period ; CLK_50M ; Rise       ; Game_Ctrl:game_ctrl|array[3][2][2]      ;
; -1.000 ; 1.000        ; 2.000          ; 0.000 ; Min Period ; CLK_50M ; Rise       ; Game_Ctrl:game_ctrl|array[3][3][2]      ;
; -1.000 ; 1.000        ; 2.000          ; 0.000 ; Min Period ; CLK_50M ; Rise       ; Game_Ctrl:game_ctrl|array[3][4][2]      ;
; -1.000 ; 1.000        ; 2.000          ; 0.000 ; Min Period ; CLK_50M ; Rise       ; Game_Ctrl:game_ctrl|array[3][5][2]      ;
; -1.000 ; 1.000        ; 2.000          ; 0.000 ; Min Period ; CLK_50M ; Rise       ; Game_Ctrl:game_ctrl|array[3][6][2]      ;
; -1.000 ; 1.000        ; 2.000          ; 0.000 ; Min Period ; CLK_50M ; Rise       ; Game_Ctrl:game_ctrl|array[3][7][2]      ;
; -1.000 ; 1.000        ; 2.000          ; 0.000 ; Min Period ; CLK_50M ; Rise       ; Game_Ctrl:game_ctrl|block_pos[0]        ;
; -1.000 ; 1.000        ; 2.000          ; 0.000 ; Min Period ; CLK_50M ; Rise       ; Game_Ctrl:game_ctrl|block_pos[1]        ;
; -1.000 ; 1.000        ; 2.000          ; 0.000 ; Min Period ; CLK_50M ; Rise       ; Game_Ctrl:game_ctrl|block_pos[2]        ;
; -1.000 ; 1.000        ; 2.000          ; 0.000 ; Min Period ; CLK_50M ; Rise       ; Game_Ctrl:game_ctrl|block_pos[3]        ;
; -1.000 ; 1.000        ; 2.000          ; 0.000 ; Min Period ; CLK_50M ; Rise       ; Game_Ctrl:game_ctrl|block_pos[4]        ;
; -1.000 ; 1.000        ; 2.000          ; 0.000 ; Min Period ; CLK_50M ; Rise       ; Game_Ctrl:game_ctrl|clk_cnt[0]          ;
; -1.000 ; 1.000        ; 2.000          ; 0.000 ; Min Period ; CLK_50M ; Rise       ; Game_Ctrl:game_ctrl|clk_cnt[10]         ;
; -1.000 ; 1.000        ; 2.000          ; 0.000 ; Min Period ; CLK_50M ; Rise       ; Game_Ctrl:game_ctrl|clk_cnt[11]         ;
; -1.000 ; 1.000        ; 2.000          ; 0.000 ; Min Period ; CLK_50M ; Rise       ; Game_Ctrl:game_ctrl|clk_cnt[12]         ;
; -1.000 ; 1.000        ; 2.000          ; 0.000 ; Min Period ; CLK_50M ; Rise       ; Game_Ctrl:game_ctrl|clk_cnt[13]         ;
; -1.000 ; 1.000        ; 2.000          ; 0.000 ; Min Period ; CLK_50M ; Rise       ; Game_Ctrl:game_ctrl|clk_cnt[14]         ;
; -1.000 ; 1.000        ; 2.000          ; 0.000 ; Min Period ; CLK_50M ; Rise       ; Game_Ctrl:game_ctrl|clk_cnt[15]         ;
; -1.000 ; 1.000        ; 2.000          ; 0.000 ; Min Period ; CLK_50M ; Rise       ; Game_Ctrl:game_ctrl|clk_cnt[16]         ;
; -1.000 ; 1.000        ; 2.000          ; 0.000 ; Min Period ; CLK_50M ; Rise       ; Game_Ctrl:game_ctrl|clk_cnt[17]         ;
; -1.000 ; 1.000        ; 2.000          ; 0.000 ; Min Period ; CLK_50M ; Rise       ; Game_Ctrl:game_ctrl|clk_cnt[18]         ;
; -1.000 ; 1.000        ; 2.000          ; 0.000 ; Min Period ; CLK_50M ; Rise       ; Game_Ctrl:game_ctrl|clk_cnt[19]         ;
; -1.000 ; 1.000        ; 2.000          ; 0.000 ; Min Period ; CLK_50M ; Rise       ; Game_Ctrl:game_ctrl|clk_cnt[1]          ;
; -1.000 ; 1.000        ; 2.000          ; 0.000 ; Min Period ; CLK_50M ; Rise       ; Game_Ctrl:game_ctrl|clk_cnt[20]         ;
; -1.000 ; 1.000        ; 2.000          ; 0.000 ; Min Period ; CLK_50M ; Rise       ; Game_Ctrl:game_ctrl|clk_cnt[21]         ;
; -1.000 ; 1.000        ; 2.000          ; 0.000 ; Min Period ; CLK_50M ; Rise       ; Game_Ctrl:game_ctrl|clk_cnt[22]         ;
; -1.000 ; 1.000        ; 2.000          ; 0.000 ; Min Period ; CLK_50M ; Rise       ; Game_Ctrl:game_ctrl|clk_cnt[23]         ;
; -1.000 ; 1.000        ; 2.000          ; 0.000 ; Min Period ; CLK_50M ; Rise       ; Game_Ctrl:game_ctrl|clk_cnt[24]         ;
; -1.000 ; 1.000        ; 2.000          ; 0.000 ; Min Period ; CLK_50M ; Rise       ; Game_Ctrl:game_ctrl|clk_cnt[25]         ;
; -1.000 ; 1.000        ; 2.000          ; 0.000 ; Min Period ; CLK_50M ; Rise       ; Game_Ctrl:game_ctrl|clk_cnt[26]         ;
; -1.000 ; 1.000        ; 2.000          ; 0.000 ; Min Period ; CLK_50M ; Rise       ; Game_Ctrl:game_ctrl|clk_cnt[27]         ;
; -1.000 ; 1.000        ; 2.000          ; 0.000 ; Min Period ; CLK_50M ; Rise       ; Game_Ctrl:game_ctrl|clk_cnt[28]         ;
; -1.000 ; 1.000        ; 2.000          ; 0.000 ; Min Period ; CLK_50M ; Rise       ; Game_Ctrl:game_ctrl|clk_cnt[29]         ;
; -1.000 ; 1.000        ; 2.000          ; 0.000 ; Min Period ; CLK_50M ; Rise       ; Game_Ctrl:game_ctrl|clk_cnt[2]          ;
; -1.000 ; 1.000        ; 2.000          ; 0.000 ; Min Period ; CLK_50M ; Rise       ; Game_Ctrl:game_ctrl|clk_cnt[30]         ;
; -1.000 ; 1.000        ; 2.000          ; 0.000 ; Min Period ; CLK_50M ; Rise       ; Game_Ctrl:game_ctrl|clk_cnt[31]         ;
; -1.000 ; 1.000        ; 2.000          ; 0.000 ; Min Period ; CLK_50M ; Rise       ; Game_Ctrl:game_ctrl|clk_cnt[3]          ;
; -1.000 ; 1.000        ; 2.000          ; 0.000 ; Min Period ; CLK_50M ; Rise       ; Game_Ctrl:game_ctrl|clk_cnt[4]          ;
; -1.000 ; 1.000        ; 2.000          ; 0.000 ; Min Period ; CLK_50M ; Rise       ; Game_Ctrl:game_ctrl|clk_cnt[5]          ;
; -1.000 ; 1.000        ; 2.000          ; 0.000 ; Min Period ; CLK_50M ; Rise       ; Game_Ctrl:game_ctrl|clk_cnt[6]          ;
; -1.000 ; 1.000        ; 2.000          ; 0.000 ; Min Period ; CLK_50M ; Rise       ; Game_Ctrl:game_ctrl|clk_cnt[7]          ;
; -1.000 ; 1.000        ; 2.000          ; 0.000 ; Min Period ; CLK_50M ; Rise       ; Game_Ctrl:game_ctrl|clk_cnt[8]          ;
; -1.000 ; 1.000        ; 2.000          ; 0.000 ; Min Period ; CLK_50M ; Rise       ; Game_Ctrl:game_ctrl|clk_cnt[9]          ;
; -1.000 ; 1.000        ; 2.000          ; 0.000 ; Min Period ; CLK_50M ; Rise       ; Game_Ctrl:game_ctrl|game_over           ;
; -1.000 ; 1.000        ; 2.000          ; 0.000 ; Min Period ; CLK_50M ; Rise       ; Key:key|clk_cnt[0]                      ;
; -1.000 ; 1.000        ; 2.000          ; 0.000 ; Min Period ; CLK_50M ; Rise       ; Key:key|clk_cnt[10]                     ;
; -1.000 ; 1.000        ; 2.000          ; 0.000 ; Min Period ; CLK_50M ; Rise       ; Key:key|clk_cnt[11]                     ;
; -1.000 ; 1.000        ; 2.000          ; 0.000 ; Min Period ; CLK_50M ; Rise       ; Key:key|clk_cnt[12]                     ;
+--------+--------------+----------------+-------+------------+---------+------------+-----------------------------------------+


+-----------------------------------------------------------------------+
; Setup Times                                                           ;
+-----------+------------+-------+-------+------------+-----------------+
; Data Port ; Clock Port ; Rise  ; Fall  ; Clock Edge ; Clock Reference ;
+-----------+------------+-------+-------+------------+-----------------+
; RSTn      ; CLK_50M    ; 2.398 ; 3.210 ; Rise       ; CLK_50M         ;
; ps2k_clk  ; CLK_50M    ; 0.810 ; 1.375 ; Rise       ; CLK_50M         ;
; ps2k_data ; CLK_50M    ; 1.081 ; 1.707 ; Rise       ; CLK_50M         ;
+-----------+------------+-------+-------+------------+-----------------+


+-------------------------------------------------------------------------+
; Hold Times                                                              ;
+-----------+------------+--------+--------+------------+-----------------+
; Data Port ; Clock Port ; Rise   ; Fall   ; Clock Edge ; Clock Reference ;
+-----------+------------+--------+--------+------------+-----------------+
; RSTn      ; CLK_50M    ; -1.325 ; -2.003 ; Rise       ; CLK_50M         ;
; ps2k_clk  ; CLK_50M    ; -0.604 ; -1.157 ; Rise       ; CLK_50M         ;
; ps2k_data ; CLK_50M    ; -0.687 ; -1.272 ; Rise       ; CLK_50M         ;
+-----------+------------+--------+--------+------------+-----------------+


+---------------------------------------------------------------------------+
; Clock to Output Times                                                     ;
+---------------+------------+-------+-------+------------+-----------------+
; Data Port     ; Clock Port ; Rise  ; Fall  ; Clock Edge ; Clock Reference ;
+---------------+------------+-------+-------+------------+-----------------+
; color_out[*]  ; CLK_50M    ; 5.879 ; 6.046 ; Rise       ; CLK_50M         ;
;  color_out[1] ; CLK_50M    ; 5.879 ; 6.046 ; Rise       ; CLK_50M         ;
;  color_out[2] ; CLK_50M    ; 5.876 ; 6.037 ; Rise       ; CLK_50M         ;
; hsync         ; CLK_50M    ; 3.469 ; 3.425 ; Rise       ; CLK_50M         ;
; led_out[*]    ; CLK_50M    ; 4.891 ; 5.187 ; Rise       ; CLK_50M         ;
;  led_out[0]   ; CLK_50M    ; 4.891 ; 5.187 ; Rise       ; CLK_50M         ;
;  led_out[1]   ; CLK_50M    ; 4.011 ; 4.154 ; Rise       ; CLK_50M         ;
;  led_out[2]   ; CLK_50M    ; 3.958 ; 3.842 ; Rise       ; CLK_50M         ;
; vsync         ; CLK_50M    ; 3.277 ; 3.255 ; Rise       ; CLK_50M         ;
+---------------+------------+-------+-------+------------+-----------------+


+---------------------------------------------------------------------------+
; Minimum Clock to Output Times                                             ;
+---------------+------------+-------+-------+------------+-----------------+
; Data Port     ; Clock Port ; Rise  ; Fall  ; Clock Edge ; Clock Reference ;
+---------------+------------+-------+-------+------------+-----------------+
; color_out[*]  ; CLK_50M    ; 3.928 ; 4.027 ; Rise       ; CLK_50M         ;
;  color_out[1] ; CLK_50M    ; 4.037 ; 4.155 ; Rise       ; CLK_50M         ;
;  color_out[2] ; CLK_50M    ; 3.928 ; 4.027 ; Rise       ; CLK_50M         ;
; hsync         ; CLK_50M    ; 3.399 ; 3.358 ; Rise       ; CLK_50M         ;
; led_out[*]    ; CLK_50M    ; 3.869 ; 3.758 ; Rise       ; CLK_50M         ;
;  led_out[0]   ; CLK_50M    ; 4.798 ; 5.087 ; Rise       ; CLK_50M         ;
;  led_out[1]   ; CLK_50M    ; 3.920 ; 4.057 ; Rise       ; CLK_50M         ;
;  led_out[2]   ; CLK_50M    ; 3.869 ; 3.758 ; Rise       ; CLK_50M         ;
; vsync         ; CLK_50M    ; 3.215 ; 3.194 ; Rise       ; CLK_50M         ;
+---------------+------------+-------+-------+------------+-----------------+


+--------------------------------------------------------------------------------+
; Multicorner Timing Analysis Summary                                            ;
+------------------+----------+-------+----------+---------+---------------------+
; Clock            ; Setup    ; Hold  ; Recovery ; Removal ; Minimum Pulse Width ;
+------------------+----------+-------+----------+---------+---------------------+
; Worst-case Slack ; -12.408  ; 0.0   ; 0.0      ; 0.0     ; -3.000              ;
;  CLK_50M         ; -12.408  ; 0.187 ; N/A      ; N/A     ; N/A                 ;
; Design-wide TNS  ; -532.999 ; 0.0   ; 0.0      ; 0.0     ; N/A                 ;
;  CLK_50M         ; -532.999 ; 0.000 ; N/A      ; N/A     ; N/A                 ;
+------------------+----------+-------+----------+---------+---------------------+


+-----------------------------------------------------------------------+
; Setup Times                                                           ;
+-----------+------------+-------+-------+------------+-----------------+
; Data Port ; Clock Port ; Rise  ; Fall  ; Clock Edge ; Clock Reference ;
+-----------+------------+-------+-------+------------+-----------------+
; RSTn      ; CLK_50M    ; 4.376 ; 4.886 ; Rise       ; CLK_50M         ;
; ps2k_clk  ; CLK_50M    ; 1.498 ; 1.884 ; Rise       ; CLK_50M         ;
; ps2k_data ; CLK_50M    ; 1.988 ; 2.428 ; Rise       ; CLK_50M         ;
+-----------+------------+-------+-------+------------+-----------------+


+-------------------------------------------------------------------------+
; Hold Times                                                              ;
+-----------+------------+--------+--------+------------+-----------------+
; Data Port ; Clock Port ; Rise   ; Fall   ; Clock Edge ; Clock Reference ;
+-----------+------------+--------+--------+------------+-----------------+
; RSTn      ; CLK_50M    ; -1.325 ; -2.003 ; Rise       ; CLK_50M         ;
; ps2k_clk  ; CLK_50M    ; -0.604 ; -1.157 ; Rise       ; CLK_50M         ;
; ps2k_data ; CLK_50M    ; -0.687 ; -1.272 ; Rise       ; CLK_50M         ;
+-----------+------------+--------+--------+------------+-----------------+


+-----------------------------------------------------------------------------+
; Clock to Output Times                                                       ;
+---------------+------------+--------+--------+------------+-----------------+
; Data Port     ; Clock Port ; Rise   ; Fall   ; Clock Edge ; Clock Reference ;
+---------------+------------+--------+--------+------------+-----------------+
; color_out[*]  ; CLK_50M    ; 10.008 ; 10.216 ; Rise       ; CLK_50M         ;
;  color_out[1] ; CLK_50M    ; 10.008 ; 10.216 ; Rise       ; CLK_50M         ;
;  color_out[2] ; CLK_50M    ; 9.956  ; 10.182 ; Rise       ; CLK_50M         ;
; hsync         ; CLK_50M    ; 5.692  ; 5.649  ; Rise       ; CLK_50M         ;
; led_out[*]    ; CLK_50M    ; 7.944  ; 8.200  ; Rise       ; CLK_50M         ;
;  led_out[0]   ; CLK_50M    ; 7.944  ; 8.200  ; Rise       ; CLK_50M         ;
;  led_out[1]   ; CLK_50M    ; 6.656  ; 6.800  ; Rise       ; CLK_50M         ;
;  led_out[2]   ; CLK_50M    ; 6.469  ; 6.367  ; Rise       ; CLK_50M         ;
; vsync         ; CLK_50M    ; 5.388  ; 5.373  ; Rise       ; CLK_50M         ;
+---------------+------------+--------+--------+------------+-----------------+


+---------------------------------------------------------------------------+
; Minimum Clock to Output Times                                             ;
+---------------+------------+-------+-------+------------+-----------------+
; Data Port     ; Clock Port ; Rise  ; Fall  ; Clock Edge ; Clock Reference ;
+---------------+------------+-------+-------+------------+-----------------+
; color_out[*]  ; CLK_50M    ; 3.928 ; 4.027 ; Rise       ; CLK_50M         ;
;  color_out[1] ; CLK_50M    ; 4.037 ; 4.155 ; Rise       ; CLK_50M         ;
;  color_out[2] ; CLK_50M    ; 3.928 ; 4.027 ; Rise       ; CLK_50M         ;
; hsync         ; CLK_50M    ; 3.399 ; 3.358 ; Rise       ; CLK_50M         ;
; led_out[*]    ; CLK_50M    ; 3.869 ; 3.758 ; Rise       ; CLK_50M         ;
;  led_out[0]   ; CLK_50M    ; 4.798 ; 5.087 ; Rise       ; CLK_50M         ;
;  led_out[1]   ; CLK_50M    ; 3.920 ; 4.057 ; Rise       ; CLK_50M         ;
;  led_out[2]   ; CLK_50M    ; 3.869 ; 3.758 ; Rise       ; CLK_50M         ;
; vsync         ; CLK_50M    ; 3.215 ; 3.194 ; Rise       ; CLK_50M         ;
+---------------+------------+-------+-------+------------+-----------------+


+------------------------------------------------------------------------------------------------------------------------------------------------------------------------------------------------------------------------------------------------------------------------------------------------------------------------------------------------------------------+
; Board Trace Model Assignments                                                                                                                                                                                                                                                                                                                                    ;
+---------------+--------------+-------------------+-------------------------+-------------------------+---------------+---------------------+----------------+------------------+--------+------------------+------------------------+------------------------+--------------+---------------+-----------------+-------+---------------------+--------------------+
; Pin           ; I/O Standard ; Near Tline Length ; Near Tline L per Length ; Near Tline C per Length ; Near Series R ; Near Differential R ; Near Pull-up R ; Near Pull-down R ; Near C ; Far Tline Length ; Far Tline L per Length ; Far Tline C per Length ; Far Series R ; Far Pull-up R ; Far Pull-down R ; Far C ; Termination Voltage ; Far Differential R ;
+---------------+--------------+-------------------+-------------------------+-------------------------+---------------+---------------------+----------------+------------------+--------+------------------+------------------------+------------------------+--------------+---------------+-----------------+-------+---------------------+--------------------+
; hsync         ; 2.5 V        ; 0 in              ; 0 H/in                  ; 0 F/in                  ; short         ; -                   ; open           ; open             ; open   ; 0 in             ; 0 H/in                 ; 0 F/in                 ; short        ; open          ; open            ; open  ; 0 V                 ; -                  ;
; vsync         ; 2.5 V        ; 0 in              ; 0 H/in                  ; 0 F/in                  ; short         ; -                   ; open           ; open             ; open   ; 0 in             ; 0 H/in                 ; 0 F/in                 ; short        ; open          ; open            ; open  ; 0 V                 ; -                  ;
; color_out[0]  ; 2.5 V        ; 0 in              ; 0 H/in                  ; 0 F/in                  ; short         ; -                   ; open           ; open             ; open   ; 0 in             ; 0 H/in                 ; 0 F/in                 ; short        ; open          ; open            ; open  ; 0 V                 ; -                  ;
; color_out[1]  ; 2.5 V        ; 0 in              ; 0 H/in                  ; 0 F/in                  ; short         ; -                   ; open           ; open             ; open   ; 0 in             ; 0 H/in                 ; 0 F/in                 ; short        ; open          ; open            ; open  ; 0 V                 ; -                  ;
; color_out[2]  ; 2.5 V        ; 0 in              ; 0 H/in                  ; 0 F/in                  ; short         ; -                   ; open           ; open             ; open   ; 0 in             ; 0 H/in                 ; 0 F/in                 ; short        ; open          ; open            ; open  ; 0 V                 ; -                  ;
; led_out[0]    ; 2.5 V        ; 0 in              ; 0 H/in                  ; 0 F/in                  ; short         ; -                   ; open           ; open             ; open   ; 0 in             ; 0 H/in                 ; 0 F/in                 ; short        ; open          ; open            ; open  ; 0 V                 ; -                  ;
; led_out[1]    ; 2.5 V        ; 0 in              ; 0 H/in                  ; 0 F/in                  ; short         ; -                   ; open           ; open             ; open   ; 0 in             ; 0 H/in                 ; 0 F/in                 ; short        ; open          ; open            ; open  ; 0 V                 ; -                  ;
; led_out[2]    ; 2.5 V        ; 0 in              ; 0 H/in                  ; 0 F/in                  ; short         ; -                   ; open           ; open             ; open   ; 0 in             ; 0 H/in                 ; 0 F/in                 ; short        ; open          ; open            ; open  ; 0 V                 ; -                  ;
; ~ALTERA_DCLK~ ; 2.5 V        ; 0 in              ; 0 H/in                  ; 0 F/in                  ; short         ; -                   ; open           ; open             ; open   ; 0 in             ; 0 H/in                 ; 0 F/in                 ; short        ; open          ; open            ; open  ; 0 V                 ; -                  ;
+---------------+--------------+-------------------+-------------------------+-------------------------+---------------+---------------------+----------------+------------------+--------+------------------+------------------------+------------------------+--------------+---------------+-----------------+-------+---------------------+--------------------+


+----------------------------------------------------------------------------+
; Input Transition Times                                                     ;
+-------------------------+--------------+-----------------+-----------------+
; Pin                     ; I/O Standard ; 10-90 Rise Time ; 90-10 Fall Time ;
+-------------------------+--------------+-----------------+-----------------+
; CLK_50M                 ; 2.5 V        ; 2000 ps         ; 2000 ps         ;
; RSTn                    ; 2.5 V        ; 2000 ps         ; 2000 ps         ;
; ps2k_data               ; 2.5 V        ; 2000 ps         ; 2000 ps         ;
; ps2k_clk                ; 2.5 V        ; 2000 ps         ; 2000 ps         ;
; ~ALTERA_ASDO_DATA1~     ; 2.5 V        ; 2000 ps         ; 2000 ps         ;
; ~ALTERA_FLASH_nCE_nCSO~ ; 2.5 V        ; 2000 ps         ; 2000 ps         ;
; ~ALTERA_DATA0~          ; 2.5 V        ; 2000 ps         ; 2000 ps         ;
+-------------------------+--------------+-----------------+-----------------+


+--------------------------------------------------------------------------------------------------------------------------------------------------------------------------------------------------------------------------------------------------------------------------------------------------------------------------------------------------------------------------------------------------------------------------------------------------------------------------------------------------------------------------------------------------------------------------------------------------------------------------------------------------------------------------------------------+
; Slow Corner Signal Integrity Metrics                                                                                                                                                                                                                                                                                                                                                                                                                                                                                                                                                                                                                                                       ;
+---------------+--------------+---------------------+---------------------+------------------------------+------------------------------+---------------------+---------------------+--------------------------------------+--------------------------------------+-----------------------------+-----------------------------+----------------------------+----------------------------+-----------------------------+-----------------------------+--------------------+--------------------+-------------------------------------+-------------------------------------+----------------------------+----------------------------+---------------------------+---------------------------+
; Pin           ; I/O Standard ; Board Delay on Rise ; Board Delay on Fall ; Steady State Voh at FPGA Pin ; Steady State Vol at FPGA Pin ; Voh Max at FPGA Pin ; Vol Min at FPGA Pin ; Ringback Voltage on Rise at FPGA Pin ; Ringback Voltage on Fall at FPGA Pin ; 10-90 Rise Time at FPGA Pin ; 90-10 Fall Time at FPGA Pin ; Monotonic Rise at FPGA Pin ; Monotonic Fall at FPGA Pin ; Steady State Voh at Far-end ; Steady State Vol at Far-end ; Voh Max at Far-end ; Vol Min at Far-end ; Ringback Voltage on Rise at Far-end ; Ringback Voltage on Fall at Far-end ; 10-90 Rise Time at Far-end ; 90-10 Fall Time at Far-end ; Monotonic Rise at Far-end ; Monotonic Fall at Far-end ;
+---------------+--------------+---------------------+---------------------+------------------------------+------------------------------+---------------------+---------------------+--------------------------------------+--------------------------------------+-----------------------------+-----------------------------+----------------------------+----------------------------+-----------------------------+-----------------------------+--------------------+--------------------+-------------------------------------+-------------------------------------+----------------------------+----------------------------+---------------------------+---------------------------+
; hsync         ; 2.5 V        ; 0 s                 ; 0 s                 ; 2.32 V                       ; 7.26e-007 V                  ; 2.35 V              ; -0.011 V            ; 0.113 V                              ; 0.035 V                              ; 7.76e-010 s                 ; 8.05e-010 s                 ; Yes                        ; Yes                        ; 2.32 V                      ; 7.26e-007 V                 ; 2.35 V             ; -0.011 V           ; 0.113 V                             ; 0.035 V                             ; 7.76e-010 s                ; 8.05e-010 s                ; Yes                       ; Yes                       ;
; vsync         ; 2.5 V        ; 0 s                 ; 0 s                 ; 2.32 V                       ; 7.26e-007 V                  ; 2.35 V              ; -0.011 V            ; 0.113 V                              ; 0.035 V                              ; 7.76e-010 s                 ; 8.05e-010 s                 ; Yes                        ; Yes                        ; 2.32 V                      ; 7.26e-007 V                 ; 2.35 V             ; -0.011 V           ; 0.113 V                             ; 0.035 V                             ; 7.76e-010 s                ; 8.05e-010 s                ; Yes                       ; Yes                       ;
; color_out[0]  ; 2.5 V        ; 0 s                 ; 0 s                 ; 2.32 V                       ; 7.26e-007 V                  ; 2.35 V              ; -0.011 V            ; 0.113 V                              ; 0.035 V                              ; 7.76e-010 s                 ; 8.05e-010 s                 ; Yes                        ; Yes                        ; 2.32 V                      ; 7.26e-007 V                 ; 2.35 V             ; -0.011 V           ; 0.113 V                             ; 0.035 V                             ; 7.76e-010 s                ; 8.05e-010 s                ; Yes                       ; Yes                       ;
; color_out[1]  ; 2.5 V        ; 0 s                 ; 0 s                 ; 2.32 V                       ; 7.26e-007 V                  ; 2.35 V              ; -0.011 V            ; 0.113 V                              ; 0.035 V                              ; 7.76e-010 s                 ; 8.05e-010 s                 ; Yes                        ; Yes                        ; 2.32 V                      ; 7.26e-007 V                 ; 2.35 V             ; -0.011 V           ; 0.113 V                             ; 0.035 V                             ; 7.76e-010 s                ; 8.05e-010 s                ; Yes                       ; Yes                       ;
; color_out[2]  ; 2.5 V        ; 0 s                 ; 0 s                 ; 2.32 V                       ; 7.26e-007 V                  ; 2.35 V              ; -0.011 V            ; 0.113 V                              ; 0.035 V                              ; 7.76e-010 s                 ; 8.05e-010 s                 ; Yes                        ; Yes                        ; 2.32 V                      ; 7.26e-007 V                 ; 2.35 V             ; -0.011 V           ; 0.113 V                             ; 0.035 V                             ; 7.76e-010 s                ; 8.05e-010 s                ; Yes                       ; Yes                       ;
; led_out[0]    ; 2.5 V        ; 0 s                 ; 0 s                 ; 2.32 V                       ; 7.26e-007 V                  ; 2.33 V              ; -0.00317 V          ; 0.162 V                              ; 0.063 V                              ; 3.54e-009 s                 ; 3.41e-009 s                 ; Yes                        ; Yes                        ; 2.32 V                      ; 7.26e-007 V                 ; 2.33 V             ; -0.00317 V         ; 0.162 V                             ; 0.063 V                             ; 3.54e-009 s                ; 3.41e-009 s                ; Yes                       ; Yes                       ;
; led_out[1]    ; 2.5 V        ; 0 s                 ; 0 s                 ; 2.32 V                       ; 7.26e-007 V                  ; 2.35 V              ; -0.011 V            ; 0.113 V                              ; 0.035 V                              ; 7.76e-010 s                 ; 8.05e-010 s                 ; Yes                        ; Yes                        ; 2.32 V                      ; 7.26e-007 V                 ; 2.35 V             ; -0.011 V           ; 0.113 V                             ; 0.035 V                             ; 7.76e-010 s                ; 8.05e-010 s                ; Yes                       ; Yes                       ;
; led_out[2]    ; 2.5 V        ; 0 s                 ; 0 s                 ; 2.32 V                       ; 7.26e-007 V                  ; 2.35 V              ; -0.011 V            ; 0.113 V                              ; 0.035 V                              ; 7.76e-010 s                 ; 8.05e-010 s                 ; Yes                        ; Yes                        ; 2.32 V                      ; 7.26e-007 V                 ; 2.35 V             ; -0.011 V           ; 0.113 V                             ; 0.035 V                             ; 7.76e-010 s                ; 8.05e-010 s                ; Yes                       ; Yes                       ;
; ~ALTERA_DCLK~ ; 2.5 V        ; 0 s                 ; 0 s                 ; 2.32 V                       ; 5.68e-007 V                  ; 2.35 V              ; -0.0132 V           ; 0.2 V                                ; 0.027 V                              ; 5.26e-010 s                 ; 4.81e-010 s                 ; Yes                        ; Yes                        ; 2.32 V                      ; 5.68e-007 V                 ; 2.35 V             ; -0.0132 V          ; 0.2 V                               ; 0.027 V                             ; 5.26e-010 s                ; 4.81e-010 s                ; Yes                       ; Yes                       ;
+---------------+--------------+---------------------+---------------------+------------------------------+------------------------------+---------------------+---------------------+--------------------------------------+--------------------------------------+-----------------------------+-----------------------------+----------------------------+----------------------------+-----------------------------+-----------------------------+--------------------+--------------------+-------------------------------------+-------------------------------------+----------------------------+----------------------------+---------------------------+---------------------------+


+--------------------------------------------------------------------------------------------------------------------------------------------------------------------------------------------------------------------------------------------------------------------------------------------------------------------------------------------------------------------------------------------------------------------------------------------------------------------------------------------------------------------------------------------------------------------------------------------------------------------------------------------------------------------------------------------+
; Fast Corner Signal Integrity Metrics                                                                                                                                                                                                                                                                                                                                                                                                                                                                                                                                                                                                                                                       ;
+---------------+--------------+---------------------+---------------------+------------------------------+------------------------------+---------------------+---------------------+--------------------------------------+--------------------------------------+-----------------------------+-----------------------------+----------------------------+----------------------------+-----------------------------+-----------------------------+--------------------+--------------------+-------------------------------------+-------------------------------------+----------------------------+----------------------------+---------------------------+---------------------------+
; Pin           ; I/O Standard ; Board Delay on Rise ; Board Delay on Fall ; Steady State Voh at FPGA Pin ; Steady State Vol at FPGA Pin ; Voh Max at FPGA Pin ; Vol Min at FPGA Pin ; Ringback Voltage on Rise at FPGA Pin ; Ringback Voltage on Fall at FPGA Pin ; 10-90 Rise Time at FPGA Pin ; 90-10 Fall Time at FPGA Pin ; Monotonic Rise at FPGA Pin ; Monotonic Fall at FPGA Pin ; Steady State Voh at Far-end ; Steady State Vol at Far-end ; Voh Max at Far-end ; Vol Min at Far-end ; Ringback Voltage on Rise at Far-end ; Ringback Voltage on Fall at Far-end ; 10-90 Rise Time at Far-end ; 90-10 Fall Time at Far-end ; Monotonic Rise at Far-end ; Monotonic Fall at Far-end ;
+---------------+--------------+---------------------+---------------------+------------------------------+------------------------------+---------------------+---------------------+--------------------------------------+--------------------------------------+-----------------------------+-----------------------------+----------------------------+----------------------------+-----------------------------+-----------------------------+--------------------+--------------------+-------------------------------------+-------------------------------------+----------------------------+----------------------------+---------------------------+---------------------------+
; hsync         ; 2.5 V        ; 0 s                 ; 0 s                 ; 2.62 V                       ; 2.78e-008 V                  ; 2.71 V              ; -0.0352 V           ; 0.253 V                              ; 0.068 V                              ; 4.96e-010 s                 ; 5.19e-010 s                 ; No                         ; Yes                        ; 2.62 V                      ; 2.78e-008 V                 ; 2.71 V             ; -0.0352 V          ; 0.253 V                             ; 0.068 V                             ; 4.96e-010 s                ; 5.19e-010 s                ; No                        ; Yes                       ;
; vsync         ; 2.5 V        ; 0 s                 ; 0 s                 ; 2.62 V                       ; 2.78e-008 V                  ; 2.71 V              ; -0.0352 V           ; 0.253 V                              ; 0.068 V                              ; 4.96e-010 s                 ; 5.19e-010 s                 ; No                         ; Yes                        ; 2.62 V                      ; 2.78e-008 V                 ; 2.71 V             ; -0.0352 V          ; 0.253 V                             ; 0.068 V                             ; 4.96e-010 s                ; 5.19e-010 s                ; No                        ; Yes                       ;
; color_out[0]  ; 2.5 V        ; 0 s                 ; 0 s                 ; 2.62 V                       ; 2.78e-008 V                  ; 2.71 V              ; -0.0352 V           ; 0.253 V                              ; 0.068 V                              ; 4.96e-010 s                 ; 5.19e-010 s                 ; No                         ; Yes                        ; 2.62 V                      ; 2.78e-008 V                 ; 2.71 V             ; -0.0352 V          ; 0.253 V                             ; 0.068 V                             ; 4.96e-010 s                ; 5.19e-010 s                ; No                        ; Yes                       ;
; color_out[1]  ; 2.5 V        ; 0 s                 ; 0 s                 ; 2.62 V                       ; 2.78e-008 V                  ; 2.71 V              ; -0.0352 V           ; 0.253 V                              ; 0.068 V                              ; 4.96e-010 s                 ; 5.19e-010 s                 ; No                         ; Yes                        ; 2.62 V                      ; 2.78e-008 V                 ; 2.71 V             ; -0.0352 V          ; 0.253 V                             ; 0.068 V                             ; 4.96e-010 s                ; 5.19e-010 s                ; No                        ; Yes                       ;
; color_out[2]  ; 2.5 V        ; 0 s                 ; 0 s                 ; 2.62 V                       ; 2.78e-008 V                  ; 2.71 V              ; -0.0352 V           ; 0.253 V                              ; 0.068 V                              ; 4.96e-010 s                 ; 5.19e-010 s                 ; No                         ; Yes                        ; 2.62 V                      ; 2.78e-008 V                 ; 2.71 V             ; -0.0352 V          ; 0.253 V                             ; 0.068 V                             ; 4.96e-010 s                ; 5.19e-010 s                ; No                        ; Yes                       ;
; led_out[0]    ; 2.5 V        ; 0 s                 ; 0 s                 ; 2.62 V                       ; 2.78e-008 V                  ; 2.64 V              ; -0.0109 V           ; 0.244 V                              ; 0.16 V                               ; 2.42e-009 s                 ; 2.37e-009 s                 ; No                         ; Yes                        ; 2.62 V                      ; 2.78e-008 V                 ; 2.64 V             ; -0.0109 V          ; 0.244 V                             ; 0.16 V                              ; 2.42e-009 s                ; 2.37e-009 s                ; No                        ; Yes                       ;
; led_out[1]    ; 2.5 V        ; 0 s                 ; 0 s                 ; 2.62 V                       ; 2.78e-008 V                  ; 2.71 V              ; -0.0352 V           ; 0.253 V                              ; 0.068 V                              ; 4.96e-010 s                 ; 5.19e-010 s                 ; No                         ; Yes                        ; 2.62 V                      ; 2.78e-008 V                 ; 2.71 V             ; -0.0352 V          ; 0.253 V                             ; 0.068 V                             ; 4.96e-010 s                ; 5.19e-010 s                ; No                        ; Yes                       ;
; led_out[2]    ; 2.5 V        ; 0 s                 ; 0 s                 ; 2.62 V                       ; 2.78e-008 V                  ; 2.71 V              ; -0.0352 V           ; 0.253 V                              ; 0.068 V                              ; 4.96e-010 s                 ; 5.19e-010 s                 ; No                         ; Yes                        ; 2.62 V                      ; 2.78e-008 V                 ; 2.71 V             ; -0.0352 V          ; 0.253 V                             ; 0.068 V                             ; 4.96e-010 s                ; 5.19e-010 s                ; No                        ; Yes                       ;
; ~ALTERA_DCLK~ ; 2.5 V        ; 0 s                 ; 0 s                 ; 2.62 V                       ; 2.19e-008 V                  ; 2.72 V              ; -0.075 V            ; 0.28 V                               ; 0.168 V                              ; 3.1e-010 s                  ; 3.01e-010 s                 ; No                         ; Yes                        ; 2.62 V                      ; 2.19e-008 V                 ; 2.72 V             ; -0.075 V           ; 0.28 V                              ; 0.168 V                             ; 3.1e-010 s                 ; 3.01e-010 s                ; No                        ; Yes                       ;
+---------------+--------------+---------------------+---------------------+------------------------------+------------------------------+---------------------+---------------------+--------------------------------------+--------------------------------------+-----------------------------+-----------------------------+----------------------------+----------------------------+-----------------------------+-----------------------------+--------------------+--------------------+-------------------------------------+-------------------------------------+----------------------------+----------------------------+---------------------------+---------------------------+


+-------------------------------------------------------------------+
; Setup Transfers                                                   ;
+------------+----------+----------+----------+----------+----------+
; From Clock ; To Clock ; RR Paths ; FR Paths ; RF Paths ; FF Paths ;
+------------+----------+----------+----------+----------+----------+
; CLK_50M    ; CLK_50M  ; 10482216 ; 0        ; 0        ; 0        ;
+------------+----------+----------+----------+----------+----------+
Entries labeled "false path" only account for clock-to-clock false paths and not path-based false paths. As a result, actual path counts may be lower than reported.


+-------------------------------------------------------------------+
; Hold Transfers                                                    ;
+------------+----------+----------+----------+----------+----------+
; From Clock ; To Clock ; RR Paths ; FR Paths ; RF Paths ; FF Paths ;
+------------+----------+----------+----------+----------+----------+
; CLK_50M    ; CLK_50M  ; 10482216 ; 0        ; 0        ; 0        ;
+------------+----------+----------+----------+----------+----------+
Entries labeled "false path" only account for clock-to-clock false paths and not path-based false paths. As a result, actual path counts may be lower than reported.


---------------
; Report TCCS ;
---------------
No dedicated SERDES Transmitter circuitry present in device or used in design.


---------------
; Report RSKM ;
---------------
No dedicated SERDES Receiver circuitry present in device or used in design.


+------------------------------------------------+
; Unconstrained Paths                            ;
+---------------------------------+-------+------+
; Property                        ; Setup ; Hold ;
+---------------------------------+-------+------+
; Illegal Clocks                  ; 0     ; 0    ;
; Unconstrained Clocks            ; 0     ; 0    ;
; Unconstrained Input Ports       ; 3     ; 3    ;
; Unconstrained Input Port Paths  ; 175   ; 175  ;
; Unconstrained Output Ports      ; 7     ; 7    ;
; Unconstrained Output Port Paths ; 27    ; 27   ;
+---------------------------------+-------+------+


+------------------------------------+
; TimeQuest Timing Analyzer Messages ;
+------------------------------------+
Info: *******************************************************************
Info: Running Quartus II TimeQuest Timing Analyzer
    Info: Version 9.0 Build 132 02/25/2009 SJ Full Version
    Info: Processing started: Thu Jun 02 23:56:16 2016
Info: Command: quartus_sta top_greedy_snake -c top_greedy_snake
Info: qsta_default_script.tcl version: #3
Info: Only one processor detected - disabling parallel compilation
Info: Core supply voltage is 1.2V
Info: Low junction temperature is 0 degrees C
Info: High junction temperature is 85 degrees C
Critical Warning: Synopsys Design Constraints File file not found: 'top_greedy_snake.sdc'. A Synopsys Design Constraints File is required by the TimeQuest Timing Analyzer to get proper timing constraints. Without it, the Compiler will not properly optimize the design.
Info: No user constrained base clocks found in the design. Calling "derive_clocks -period 1.0"
Info: Deriving Clocks
    Info: create_clock -period 1.000 -name CLK_50M CLK_50M
Critical Warning: The following clock transfers have no clock uncertainty assignment. For more accurate results, apply clock uncertainty assignments or use the derive_clock_uncertainty command.
    Critical Warning: From CLK_50M (Rise) to CLK_50M (Rise) (setup and hold)
Info: Analyzing Slow 1200mV 85C Model
Critical Warning: Timing requirements not met
Info: Worst-case setup slack is -12.408
    Info:     Slack End Point TNS Clock 
    Info: ========= ============= =====================
    Info:   -12.408      -532.999 CLK_50M 
Info: Worst-case hold slack is 0.358
    Info:     Slack End Point TNS Clock 
    Info: ========= ============= =====================
    Info:     0.358         0.000 CLK_50M 
Info: No recovery paths to report
Info: No removal paths to report
Critical Warning: Found minimum pulse width or period violations. See Report Minimum Pulse Width for details.
Info: The Metastability Analysis global option is set to OFF.
Info: No synchronizer chains to report.
Info: Analyzing Slow 1200mV 0C Model
Info: Started post-fitting delay annotation
Info: Delay annotation completed successfully
Critical Warning: The following clock transfers have no clock uncertainty assignment. For more accurate results, apply clock uncertainty assignments or use the derive_clock_uncertainty command.
    Critical Warning: From CLK_50M (Rise) to CLK_50M (Rise) (setup and hold)
Critical Warning: Timing requirements not met
Info: Worst-case setup slack is -10.998
    Info:     Slack End Point TNS Clock 
    Info: ========= ============= =====================
    Info:   -10.998      -459.747 CLK_50M 
Info: Worst-case hold slack is 0.312
    Info:     Slack End Point TNS Clock 
    Info: ========= ============= =====================
    Info:     0.312         0.000 CLK_50M 
Info: No recovery paths to report
Info: No removal paths to report
Critical Warning: Found minimum pulse width or period violations. See Report Minimum Pulse Width for details.
Info: The Metastability Analysis global option is set to OFF.
Info: No synchronizer chains to report.
Info: Analyzing Fast 1200mV 0C Model
Info: Started post-fitting delay annotation
Info: Delay annotation completed successfully
Critical Warning: The following clock transfers have no clock uncertainty assignment. For more accurate results, apply clock uncertainty assignments or use the derive_clock_uncertainty command.
    Critical Warning: From CLK_50M (Rise) to CLK_50M (Rise) (setup and hold)
Critical Warning: Timing requirements not met
Info: Worst-case setup slack is -6.452
    Info:     Slack End Point TNS Clock 
    Info: ========= ============= =====================
    Info:    -6.452      -234.303 CLK_50M 
Info: Worst-case hold slack is 0.187
    Info:     Slack End Point TNS Clock 
    Info: ========= ============= =====================
    Info:     0.187         0.000 CLK_50M 
Info: No recovery paths to report
Info: No removal paths to report
Critical Warning: Found minimum pulse width or period violations. See Report Minimum Pulse Width for details.
Info: The Metastability Analysis global option is set to OFF.
Info: No synchronizer chains to report.
Info: Design is not fully constrained for setup requirements
Info: Design is not fully constrained for hold requirements
Info: Quartus II TimeQuest Timing Analyzer was successful. 0 errors, 13 warnings
    Info: Peak virtual memory: 258 megabytes
    Info: Processing ended: Thu Jun 02 23:56:20 2016
    Info: Elapsed time: 00:00:04
    Info: Total CPU time (on all processors): 00:00:02


